Archive member included to satisfy reference by file (symbol)

C:\Users\ssyjl\Desktop\DSP_PROJECT\stm32\Bluetooth_stm32\Core\libs\libarm_cortexM4lf_math.a(arm_rfft_fast_init_f32.o)
                              ./Core/Src/freertos.o (arm_rfft_fast_init_f32)
C:\Users\ssyjl\Desktop\DSP_PROJECT\stm32\Bluetooth_stm32\Core\libs\libarm_cortexM4lf_math.a(arm_rfft_fast_f32.o)
                              ./Core/Src/freertos.o (arm_rfft_fast_f32)
C:\Users\ssyjl\Desktop\DSP_PROJECT\stm32\Bluetooth_stm32\Core\libs\libarm_cortexM4lf_math.a(arm_cfft_f32.o)
                              C:\Users\ssyjl\Desktop\DSP_PROJECT\stm32\Bluetooth_stm32\Core\libs\libarm_cortexM4lf_math.a(arm_rfft_fast_f32.o) (arm_cfft_f32)
C:\Users\ssyjl\Desktop\DSP_PROJECT\stm32\Bluetooth_stm32\Core\libs\libarm_cortexM4lf_math.a(arm_cmplx_mag_f32.o)
                              ./Core/Src/freertos.o (arm_cmplx_mag_f32)
C:\Users\ssyjl\Desktop\DSP_PROJECT\stm32\Bluetooth_stm32\Core\libs\libarm_cortexM4lf_math.a(arm_common_tables.o)
                              C:\Users\ssyjl\Desktop\DSP_PROJECT\stm32\Bluetooth_stm32\Core\libs\libarm_cortexM4lf_math.a(arm_rfft_fast_init_f32.o) (twiddleCoef_rfft_4096)
C:\Users\ssyjl\Desktop\DSP_PROJECT\stm32\Bluetooth_stm32\Core\libs\libarm_cortexM4lf_math.a(arm_bitreversal2.o)
                              C:\Users\ssyjl\Desktop\DSP_PROJECT\stm32\Bluetooth_stm32\Core\libs\libarm_cortexM4lf_math.a(arm_cfft_f32.o) (arm_bitreversal_32)
C:\Users\ssyjl\Desktop\DSP_PROJECT\stm32\Bluetooth_stm32\Core\libs\libarm_cortexM4lf_math.a(arm_cfft_radix8_f32.o)
                              C:\Users\ssyjl\Desktop\DSP_PROJECT\stm32\Bluetooth_stm32\Core\libs\libarm_cortexM4lf_math.a(arm_cfft_f32.o) (arm_radix8_butterfly_f32)
D:/STM32/STM32CubeIDE_1.19.0/STM32CubeIDE/plugins/com.st.stm32cube.ide.mcu.externaltools.gnu-tools-for-stm32.13.3.rel1.win32_1.0.0.202411081344/tools/bin/../lib/gcc/arm-none-eabi/13.3.1/../../../../arm-none-eabi/lib/thumb/v7e-m+fp/hard\libc_nano.a(libc_a-atoi.o)
                              ./Core/Src/freertos.o (atoi)
D:/STM32/STM32CubeIDE_1.19.0/STM32CubeIDE/plugins/com.st.stm32cube.ide.mcu.externaltools.gnu-tools-for-stm32.13.3.rel1.win32_1.0.0.202411081344/tools/bin/../lib/gcc/arm-none-eabi/13.3.1/../../../../arm-none-eabi/lib/thumb/v7e-m+fp/hard\libc_nano.a(libc_a-exit.o)
                              D:/STM32/STM32CubeIDE_1.19.0/STM32CubeIDE/plugins/com.st.stm32cube.ide.mcu.externaltools.gnu-tools-for-stm32.13.3.rel1.win32_1.0.0.202411081344/tools/bin/../lib/gcc/arm-none-eabi/13.3.1/../../../../arm-none-eabi/lib/thumb/v7e-m+fp/hard/crt0.o (exit)
D:/STM32/STM32CubeIDE_1.19.0/STM32CubeIDE/plugins/com.st.stm32cube.ide.mcu.externaltools.gnu-tools-for-stm32.13.3.rel1.win32_1.0.0.202411081344/tools/bin/../lib/gcc/arm-none-eabi/13.3.1/../../../../arm-none-eabi/lib/thumb/v7e-m+fp/hard\libc_nano.a(libc_a-malloc.o)
                              ./Middlewares/ST/STM32_USB_Host_Library/Class/CDC/Src/usbh_cdc.o (malloc)
D:/STM32/STM32CubeIDE_1.19.0/STM32CubeIDE/plugins/com.st.stm32cube.ide.mcu.externaltools.gnu-tools-for-stm32.13.3.rel1.win32_1.0.0.202411081344/tools/bin/../lib/gcc/arm-none-eabi/13.3.1/../../../../arm-none-eabi/lib/thumb/v7e-m+fp/hard\libc_nano.a(libc_a-mallocr.o)
                              D:/STM32/STM32CubeIDE_1.19.0/STM32CubeIDE/plugins/com.st.stm32cube.ide.mcu.externaltools.gnu-tools-for-stm32.13.3.rel1.win32_1.0.0.202411081344/tools/bin/../lib/gcc/arm-none-eabi/13.3.1/../../../../arm-none-eabi/lib/thumb/v7e-m+fp/hard\libc_nano.a(libc_a-malloc.o) (_malloc_r)
D:/STM32/STM32CubeIDE_1.19.0/STM32CubeIDE/plugins/com.st.stm32cube.ide.mcu.externaltools.gnu-tools-for-stm32.13.3.rel1.win32_1.0.0.202411081344/tools/bin/../lib/gcc/arm-none-eabi/13.3.1/../../../../arm-none-eabi/lib/thumb/v7e-m+fp/hard\libc_nano.a(libc_a-mlock.o)
                              D:/STM32/STM32CubeIDE_1.19.0/STM32CubeIDE/plugins/com.st.stm32cube.ide.mcu.externaltools.gnu-tools-for-stm32.13.3.rel1.win32_1.0.0.202411081344/tools/bin/../lib/gcc/arm-none-eabi/13.3.1/../../../../arm-none-eabi/lib/thumb/v7e-m+fp/hard\libc_nano.a(libc_a-mallocr.o) (__malloc_lock)
D:/STM32/STM32CubeIDE_1.19.0/STM32CubeIDE/plugins/com.st.stm32cube.ide.mcu.externaltools.gnu-tools-for-stm32.13.3.rel1.win32_1.0.0.202411081344/tools/bin/../lib/gcc/arm-none-eabi/13.3.1/../../../../arm-none-eabi/lib/thumb/v7e-m+fp/hard\libc_nano.a(libc_a-strtol.o)
                              D:/STM32/STM32CubeIDE_1.19.0/STM32CubeIDE/plugins/com.st.stm32cube.ide.mcu.externaltools.gnu-tools-for-stm32.13.3.rel1.win32_1.0.0.202411081344/tools/bin/../lib/gcc/arm-none-eabi/13.3.1/../../../../arm-none-eabi/lib/thumb/v7e-m+fp/hard\libc_nano.a(libc_a-atoi.o) (_strtol_r)
D:/STM32/STM32CubeIDE_1.19.0/STM32CubeIDE/plugins/com.st.stm32cube.ide.mcu.externaltools.gnu-tools-for-stm32.13.3.rel1.win32_1.0.0.202411081344/tools/bin/../lib/gcc/arm-none-eabi/13.3.1/../../../../arm-none-eabi/lib/thumb/v7e-m+fp/hard\libc_nano.a(libc_a-ctype_.o)
[...]
Memory Configuration

Name             Origin             Length             Attributes
CCMRAM           0x10000000         0x00010000         xrw
RAM              0x20000000         0x00020000         xrw
FLASH            0x08000000         0x00100000         xr
*default*        0x00000000         0xffffffff

Linker script and memory map

LOAD D:/STM32/STM32CubeIDE_1.19.0/STM32CubeIDE/plugins/com.st.stm32cube.ide.mcu.externaltools.gnu-tools-for-stm32.13.3.rel1.win32_1.0.0.202411081344/tools/bin/../lib/gcc/arm-none-eabi/13.3.1/thumb/v7e-m+fp/hard/crti.o
LOAD D:/STM32/STM32CubeIDE_1.19.0/STM32CubeIDE/plugins/com.st.stm32cube.ide.mcu.externaltools.gnu-tools-for-stm32.13.3.rel1.win32_1.0.0.202411081344/tools/bin/../lib/gcc/arm-none-eabi/13.3.1/thumb/v7e-m+fp/hard/crtbegin.o
LOAD D:/STM32/STM32CubeIDE_1.19.0/STM32CubeIDE/plugins/com.st.stm32cube.ide.mcu.externaltools.gnu-tools-for-stm32.13.3.rel1.win32_1.0.0.202411081344/tools/bin/../lib/gcc/arm-none-eabi/13.3.1/../../../../arm-none-eabi/lib/thumb/v7e-m+fp/hard/crt0.o
LOAD ./Core/Src/dma.o
LOAD ./Core/Src/freertos.o
LOAD ./Core/Src/gpio.o
LOAD ./Core/Src/i2c.o
LOAD ./Core/Src/i2s.o
LOAD ./Core/Src/main.o
LOAD ./Core/Src/spi.o
LOAD ./Core/Src/stm32f4xx_hal_msp.o
LOAD ./Core/Src/stm32f4xx_hal_timebase_tim.o
LOAD ./Core/Src/stm32f4xx_it.o
LOAD ./Core/Src/syscalls.o
LOAD ./Core/Src/sysmem.o
LOAD ./Core/Src/system_stm32f4xx.o
LOAD ./Core/Src/usart.o
LOAD ./Core/Startup/startup_stm32f407vgtx.o
LOAD ./Drivers/STM32F4xx_HAL_Driver/Src/stm32f4xx_hal.o
LOAD ./Drivers/STM32F4xx_HAL_Driver/Src/stm32f4xx_hal_cortex.o
LOAD ./Drivers/STM32F4xx_HAL_Driver/Src/stm32f4xx_hal_dma.o
LOAD ./Drivers/STM32F4xx_HAL_Driver/Src/stm32f4xx_hal_dma_ex.o
LOAD ./Drivers/STM32F4xx_HAL_Driver/Src/stm32f4xx_hal_exti.o
LOAD ./Drivers/STM32F4xx_HAL_Driver/Src/stm32f4xx_hal_flash.o
LOAD ./Drivers/STM32F4xx_HAL_Driver/Src/stm32f4xx_hal_flash_ex.o
LOAD ./Drivers/STM32F4xx_HAL_Driver/Src/stm32f4xx_hal_flash_ramfunc.o
LOAD ./Drivers/STM32F4xx_HAL_Driver/Src/stm32f4xx_hal_gpio.o
LOAD ./Drivers/STM32F4xx_HAL_Driver/Src/stm32f4xx_hal_hcd.o
LOAD ./Drivers/STM32F4xx_HAL_Driver/Src/stm32f4xx_hal_i2c.o
LOAD ./Drivers/STM32F4xx_HAL_Driver/Src/stm32f4xx_hal_i2c_ex.o
LOAD ./Drivers/STM32F4xx_HAL_Driver/Src/stm32f4xx_hal_i2s.o
LOAD ./Drivers/STM32F4xx_HAL_Driver/Src/stm32f4xx_hal_i2s_ex.o
LOAD ./Drivers/STM32F4xx_HAL_Driver/Src/stm32f4xx_hal_pwr.o
LOAD ./Drivers/STM32F4xx_HAL_Driver/Src/stm32f4xx_hal_pwr_ex.o
LOAD ./Drivers/STM32F4xx_HAL_Driver/Src/stm32f4xx_hal_rcc.o
LOAD ./Drivers/STM32F4xx_HAL_Driver/Src/stm32f4xx_hal_rcc_ex.o
LOAD ./Drivers/STM32F4xx_HAL_Driver/Src/stm32f4xx_hal_spi.o
LOAD ./Drivers/STM32F4xx_HAL_Driver/Src/stm32f4xx_hal_tim.o
LOAD ./Drivers/STM32F4xx_HAL_Driver/Src/stm32f4xx_hal_tim_ex.o
LOAD ./Drivers/STM32F4xx_HAL_Driver/Src/stm32f4xx_hal_uart.o
LOAD ./Drivers/STM32F4xx_HAL_Driver/Src/stm32f4xx_ll_usb.o
LOAD ./Middlewares/ST/STM32_USB_Host_Library/Class/CDC/Src/usbh_cdc.o
LOAD ./Middlewares/ST/STM32_USB_Host_Library/Core/Src/usbh_core.o
LOAD ./Middlewares/ST/STM32_USB_Host_Library/Core/Src/usbh_ctlreq.o
LOAD ./Middlewares/ST/STM32_USB_Host_Library/Core/Src/usbh_ioreq.o
LOAD ./Middlewares/ST/STM32_USB_Host_Library/Core/Src/usbh_pipes.o
LOAD ./Middlewares/Third_Party/FreeRTOS/Source/CMSIS_RTOS_V2/cmsis_os2.o
LOAD ./Middlewares/Third_Party/FreeRTOS/Source/croutine.o
LOAD ./Middlewares/Third_Party/FreeRTOS/Source/event_groups.o
LOAD ./Middlewares/Third_Party/FreeRTOS/Source/list.o
LOAD ./Middlewares/Third_Party/FreeRTOS/Source/queue.o
LOAD ./Middlewares/Third_Party/FreeRTOS/Source/stream_buffer.o
LOAD ./Middlewares/Third_Party/FreeRTOS/Source/tasks.o
LOAD ./Middlewares/Third_Party/FreeRTOS/Source/timers.o
LOAD ./Middlewares/Third_Party/FreeRTOS/Source/portable/GCC/ARM_CM4F/port.o
LOAD ./Middlewares/Third_Party/FreeRTOS/Source/portable/MemMang/heap_4.o
LOAD ./USB_HOST/App/usb_host.o
LOAD ./USB_HOST/Target/usbh_conf.o
LOAD ./USB_HOST/Target/usbh_platform.o
LOAD C:\Users\ssyjl\Desktop\DSP_PROJECT\stm32\Bluetooth_stm32\Core\libs\libarm_cortexM4lf_math.a
START GROUP
LOAD D:/STM32/STM32CubeIDE_1.19.0/STM32CubeIDE/plugins/com.st.stm32cube.ide.mcu.externaltools.gnu-tools-for-stm32.13.3.rel1.win32_1.0.0.202411081344/tools/bin/../lib/gcc/arm-none-eabi/13.3.1/../../../../arm-none-eabi/lib/thumb/v7e-m+fp/hard\libc_nano.a
LOAD D:/STM32/STM32CubeIDE_1.19.0/STM32CubeIDE/plugins/com.st.stm32cube.ide.mcu.externaltools.gnu-tools-for-stm32.13.3.rel1.win32_1.0.0.202411081344/tools/bin/../lib/gcc/arm-none-eabi/13.3.1/../../../../arm-none-eabi/lib/thumb/v7e-m+fp/hard\libm.a
END GROUP
START GROUP
LOAD D:/STM32/STM32CubeIDE_1.19.0/STM32CubeIDE/plugins/com.st.stm32cube.ide.mcu.externaltools.gnu-tools-for-stm32.13.3.rel1.win32_1.0.0.202411081344/tools/bin/../lib/gcc/arm-none-eabi/13.3.1/thumb/v7e-m+fp/hard\libgcc.a
LOAD D:/STM32/STM32CubeIDE_1.19.0/STM32CubeIDE/plugins/com.st.stm32cube.ide.mcu.externaltools.gnu-tools-for-stm32.13.3.rel1.win32_1.0.0.202411081344/tools/bin/../lib/gcc/arm-none-eabi/13.3.1/../../../../arm-none-eabi/lib/thumb/v7e-m+fp/hard\libc_nano.a
END GROUP
START GROUP
LOAD D:/STM32/STM32CubeIDE_1.19.0/STM32CubeIDE/plugins/com.st.stm32cube.ide.mcu.externaltools.gnu-tools-for-stm32.13.3.rel1.win32_1.0.0.202411081344/tools/bin/../lib/gcc/arm-none-eabi/13.3.1/thumb/v7e-m+fp/hard\libgcc.a
LOAD D:/STM32/STM32CubeIDE_1.19.0/STM32CubeIDE/plugins/com.st.stm32cube.ide.mcu.externaltools.gnu-tools-for-stm32.13.3.rel1.win32_1.0.0.202411081344/tools/bin/../lib/gcc/arm-none-eabi/13.3.1/../../../../arm-none-eabi/lib/thumb/v7e-m+fp/hard\libc_nano.a
LOAD D:/STM32/STM32CubeIDE_1.19.0/STM32CubeIDE/plugins/com.st.stm32cube.ide.mcu.externaltools.gnu-tools-for-stm32.13.3.rel1.win32_1.0.0.202411081344/tools/bin/../lib/gcc/arm-none-eabi/13.3.1/../../../../arm-none-eabi/lib/thumb/v7e-m+fp/hard\libnosys.a
END GROUP
START GROUP
LOAD D:/STM32/STM32CubeIDE_1.19.0/STM32CubeIDE/plugins/com.st.stm32cube.ide.mcu.externaltools.gnu-tools-for-stm32.13.3.rel1.win32_1.0.0.202411081344/tools/bin/../lib/gcc/arm-none-eabi/13.3.1/thumb/v7e-m+fp/hard\libgcc.a
LOAD D:/STM32/STM32CubeIDE_1.19.0/STM32CubeIDE/plugins/com.st.stm32cube.ide.mcu.externaltools.gnu-tools-for-stm32.13.3.rel1.win32_1.0.0.202411081344/tools/bin/../lib/gcc/arm-none-eabi/13.3.1/../../../../arm-none-eabi/lib/thumb/v7e-m+fp/hard\libc_nano.a
LOAD D:/STM32/STM32CubeIDE_1.19.0/STM32CubeIDE/plugins/com.st.stm32cube.ide.mcu.externaltools.gnu-tools-for-stm32.13.3.rel1.win32_1.0.0.202411081344/tools/bin/../lib/gcc/arm-none-eabi/13.3.1/../../../../arm-none-eabi/lib/thumb/v7e-m+fp/hard\libnosys.a
END GROUP
LOAD D:/STM32/STM32CubeIDE_1.19.0/STM32CubeIDE/plugins/com.st.stm32cube.ide.mcu.externaltools.gnu-tools-for-stm32.13.3.rel1.win32_1.0.0.202411081344/tools/bin/../lib/gcc/arm-none-eabi/13.3.1/thumb/v7e-m+fp/hard/crtend.o
LOAD D:/STM32/STM32CubeIDE_1.19.0/STM32CubeIDE/plugins/com.st.stm32cube.ide.mcu.externaltools.gnu-tools-for-stm32.13.3.rel1.win32_1.0.0.202411081344/tools/bin/../lib/gcc/arm-none-eabi/13.3.1/thumb/v7e-m+fp/hard/crtn.o
                0x20020000                        _estack = (ORIGIN (RAM) + LENGTH (RAM))
                0x00000200                        _Min_Heap_Size = 0x200
                0x00000400                        _Min_Stack_Size = 0x400

.isr_vector     0x08000000      0x188
                0x08000000                        . = ALIGN (0x4)
 *(.isr_vector)
 .isr_vector    0x08000000      0x188 ./Core/Startup/startup_stm32f407vgtx.o
                0x08000000                g_pfnVectors
                0x08000188                        . = ALIGN (0x4)

.text           0x08000190    0x10c78
                0x08000190                        . = ALIGN (0x4)
 *(.text)
 .text          0x08000190       0x40 D:/STM32/STM32CubeIDE_1.19.0/STM32CubeIDE/plugins/com.st.stm32cube.ide.mcu.externaltools.gnu-tools-for-stm32.13.3.rel1.win32_1.0.0.202411081344/tools/bin/../lib/gcc/arm-none-eabi/13.3.1/thumb/v7e-m+fp/hard/crtbegin.o
 .text          0x080001d0       0xc0 C:\Users\ssyjl\Desktop\DSP_PROJECT\stm32\Bluetooth_stm32\Core\libs\libarm_cortexM4lf_math.a(arm_bitreversal2.o)
                0x080001d0                arm_bitreversal_32
                0x0800023a                arm_bitreversal_16
 .text          0x08000290       0x14 D:/STM32/STM32CubeIDE_1.19.0/STM32CubeIDE/plugins/com.st.stm32cube.ide.mcu.externaltools.gnu-tools-for-stm32.13.3.rel1.win32_1.0.0.202411081344/tools/bin/../lib/gcc/arm-none-eabi/13.3.1/../../../../arm-none-eabi/lib/thumb/v7e-m+fp/hard\libc_nano.a(libc_a-strcmp.o)
                0x08000290                strcmp
 .text          0x080002a4       0x10 D:/STM32/STM32CubeIDE_1.19.0/STM32CubeIDE/plugins/com.st.stm32cube.ide.mcu.externaltools.gnu-tools-for-stm32.13.3.rel1.win32_1.0.0.202411081344/tools/bin/../lib/gcc/arm-none-eabi/13.3.1/../../../../arm-none-eabi/lib/thumb/v7e-m+fp/hard\libc_nano.a(libc_a-strlen.o)
                0x080002a4                strlen
 .text          0x080002b4       0x30 D:/STM32/STM32CubeIDE_1.19.0/STM32CubeIDE/plugins/com.st.stm32cube.ide.mcu.externaltools.gnu-tools-for-stm32.13.3.rel1.win32_1.0.0.202411081344/tools/bin/../lib/gcc/arm-none-eabi/13.3.1/thumb/v7e-m+fp/hard\libgcc.a(_aeabi_uldivmod.o)
                0x080002b4                __aeabi_uldivmod
 .text          0x080002e4      0x2f8 D:/STM32/STM32CubeIDE_1.19.0/STM32CubeIDE/plugins/com.st.stm32cube.ide.mcu.externaltools.gnu-tools-for-stm32.13.3.rel1.win32_1.0.0.202411081344/tools/bin/../lib/gcc/arm-none-eabi/13.3.1/thumb/v7e-m+fp/hard\libgcc.a(_udivmoddi4.o)
                0x080002e4                __udivmoddi4
 .text          0x080005dc        0x4 D:/STM32/STM32CubeIDE_1.19.0/STM32CubeIDE/plugins/com.st.stm32cube.ide.mcu.externaltools.gnu-tools-for-stm32.13.3.rel1.win32_1.0.0.202411081344/tools/bin/../lib/gcc/arm-none-eabi/13.3.1/thumb/v7e-m+fp/hard\libgcc.a(_dvmd_tls.o)
                0x080005dc                __aeabi_idiv0
                0x080005dc                __aeabi_ldiv0
 *(.text*)
 .text.MX_DMA_Init
                0x080005e0       0x50 ./Core/Src/dma.o
                0x080005e0                MX_DMA_Init
 .text.MX_FREERTOS_Init
                0x08000630       0xd0 ./Core/Src/freertos.o
                0x08000630                MX_FREERTOS_Init
 .text.StartDefaultTask
                0x08000700       0x5c ./Core/Src/freertos.o
                0x08000700                StartDefaultTask
 .text.compute_peaking_eq
                0x0800075c      0x144 ./Core/Src/freertos.o
 .text.ButtonTask
                0x080008a0       0x12 ./Core/Src/freertos.o
                0x080008a0                ButtonTask
 *fill*         0x080008b2        0x2 
 .text.UartTask
                0x080008b4      0x228 ./Core/Src/freertos.o
                0x080008b4                UartTask
 .text.FFTTask  0x08000adc      0x4b0 ./Core/Src/freertos.o
                0x08000adc                FFTTask
 .text.MX_GPIO_Init
                0x08000f8c      0x1f8 ./Core/Src/gpio.o
                0x08000f8c                MX_GPIO_Init
 .text.MX_I2C1_Init
                0x08001184       0x5c ./Core/Src/i2c.o
                0x08001184                MX_I2C1_Init
 .text.HAL_I2C_MspInit
                0x080011e0       0x90 ./Core/Src/i2c.o
                0x080011e0                HAL_I2C_MspInit
 .text.MX_I2S2_Init
                0x08001270       0x5c ./Core/Src/i2s.o
                0x08001270                MX_I2S2_Init
 .text.HAL_I2S_MspInit
                0x080012cc      0x1f8 ./Core/Src/i2s.o
                0x080012cc                HAL_I2S_MspInit
 .text.main     0x080014c4       0x5c ./Core/Src/main.o
                0x080014c4                main
 .text.SystemClock_Config
                0x08001520       0xd4 ./Core/Src/main.o
                0x08001520                SystemClock_Config
 .text.biquad   0x080015f4       0xa4 ./Core/Src/main.o
 .text.process_frame
                0x08001698      0x144 ./Core/Src/main.o
 .text.apply_eq_band
                0x080017dc       0xd0 ./Core/Src/main.o
                0x080017dc                apply_eq_band
 .text.process_half
                0x080018ac      0x1a8 ./Core/Src/main.o
 .text.HAL_I2SEx_TxRxHalfCpltCallback
                0x08001a54       0x20 ./Core/Src/main.o
                0x08001a54                HAL_I2SEx_TxRxHalfCpltCallback
 .text.HAL_I2SEx_TxRxCpltCallback
                0x08001a74       0x20 ./Core/Src/main.o
                0x08001a74                HAL_I2SEx_TxRxCpltCallback
 .text.HAL_TIM_PeriodElapsedCallback
                0x08001a94       0x24 ./Core/Src/main.o
                0x08001a94                HAL_TIM_PeriodElapsedCallback
 .text.Error_Handler
                0x08001ab8        0xc ./Core/Src/main.o
                0x08001ab8                Error_Handler
 .text.MX_SPI1_Init
                0x08001ac4       0x6c ./Core/Src/spi.o
                0x08001ac4                MX_SPI1_Init
 .text.HAL_SPI_MspInit
                0x08001b30       0x90 ./Core/Src/spi.o
                0x08001b30                HAL_SPI_MspInit
 .text.HAL_MspInit
                0x08001bc0       0x58 ./Core/Src/stm32f4xx_hal_msp.o
                0x08001bc0                HAL_MspInit
 .text.HAL_InitTick
                0x08001c18       0xf8 ./Core/Src/stm32f4xx_hal_timebase_tim.o
                0x08001c18                HAL_InitTick
 .text.NMI_Handler
                0x08001d10        0x8 ./Core/Src/stm32f4xx_it.o
                0x08001d10                NMI_Handler
 .text.HardFault_Handler
                0x08001d18        0x8 ./Core/Src/stm32f4xx_it.o
                0x08001d18                HardFault_Handler
 .text.MemManage_Handler
                0x08001d20        0x8 ./Core/Src/stm32f4xx_it.o
                0x08001d20                MemManage_Handler
 .text.BusFault_Handler
                0x08001d28        0x8 ./Core/Src/stm32f4xx_it.o
                0x08001d28                BusFault_Handler
 .text.UsageFault_Handler
                0x08001d30        0x8 ./Core/Src/stm32f4xx_it.o
                0x08001d30                UsageFault_Handler
 .text.DebugMon_Handler
                0x08001d38        0xe ./Core/Src/stm32f4xx_it.o
                0x08001d38                DebugMon_Handler
 *fill*         0x08001d46        0x2 
 .text.DMA1_Stream3_IRQHandler
                0x08001d48       0x14 ./Core/Src/stm32f4xx_it.o
                0x08001d48                DMA1_Stream3_IRQHandler
 .text.DMA1_Stream4_IRQHandler
                0x08001d5c       0x14 ./Core/Src/stm32f4xx_it.o
                0x08001d5c                DMA1_Stream4_IRQHandler
 .text.TIM6_DAC_IRQHandler
                0x08001d70       0x14 ./Core/Src/stm32f4xx_it.o
                0x08001d70                TIM6_DAC_IRQHandler
 .text.OTG_FS_IRQHandler
                0x08001d84       0x14 ./Core/Src/stm32f4xx_it.o
                0x08001d84                OTG_FS_IRQHandler
 .text._sbrk    0x08001d98       0x6c ./Core/Src/sysmem.o
                0x08001d98                _sbrk
 .text.SystemInit
                0x08001e04       0x24 ./Core/Src/system_stm32f4xx.o
                0x08001e04                SystemInit
 .text.MX_USART2_UART_Init
                0x08001e28       0x54 ./Core/Src/usart.o
                0x08001e28                MX_USART2_UART_Init
 .text.HAL_UART_MspInit
                0x08001e7c       0x90 ./Core/Src/usart.o
                0x08001e7c                HAL_UART_MspInit
 .text.Reset_Handler
                0x08001f0c       0x50 ./Core/Startup/startup_stm32f407vgtx.o
                0x08001f0c                Reset_Handler
 .text.Default_Handler
                0x08001f5c        0x2 ./Core/Startup/startup_stm32f407vgtx.o
                0x08001f5c                RTC_Alarm_IRQHandler
                0x08001f5c                HASH_RNG_IRQHandler
                0x08001f5c                EXTI2_IRQHandler
                0x08001f5c                TIM8_CC_IRQHandler
                0x08001f5c                TIM1_CC_IRQHandler
                0x08001f5c                DMA2_Stream5_IRQHandler
                0x08001f5c                DMA1_Stream5_IRQHandler
                0x08001f5c                PVD_IRQHandler
                0x08001f5c                SDIO_IRQHandler
                0x08001f5c                TAMP_STAMP_IRQHandler
                0x08001f5c                CAN2_RX1_IRQHandler
                0x08001f5c                EXTI3_IRQHandler
                0x08001f5c                TIM8_TRG_COM_TIM14_IRQHandler
                0x08001f5c                TIM1_UP_TIM10_IRQHandler
                0x08001f5c                TIM8_UP_TIM13_IRQHandler
                0x08001f5c                I2C3_ER_IRQHandler
                0x08001f5c                EXTI0_IRQHandler
                0x08001f5c                I2C2_EV_IRQHandler
                0x08001f5c                DMA1_Stream2_IRQHandler
                0x08001f5c                CAN1_RX0_IRQHandler
                0x08001f5c                FPU_IRQHandler
                0x08001f5c                OTG_HS_WKUP_IRQHandler
                0x08001f5c                CAN2_SCE_IRQHandler
                0x08001f5c                DMA2_Stream2_IRQHandler
                0x08001f5c                SPI1_IRQHandler
                0x08001f5c                TIM1_BRK_TIM9_IRQHandler
                0x08001f5c                DCMI_IRQHandler
                0x08001f5c                CAN2_RX0_IRQHandler
                0x08001f5c                DMA2_Stream3_IRQHandler
                0x08001f5c                USART6_IRQHandler
                0x08001f5c                USART3_IRQHandler
                0x08001f5c                CAN1_RX1_IRQHandler
                0x08001f5c                UART5_IRQHandler
                0x08001f5c                DMA2_Stream0_IRQHandler
                0x08001f5c                TIM4_IRQHandler
                0x08001f5c                I2C1_EV_IRQHandler
                0x08001f5c                DMA1_Stream6_IRQHandler
                0x08001f5c                DMA1_Stream1_IRQHandler
                0x08001f5c                UART4_IRQHandler
                0x08001f5c                TIM3_IRQHandler
                0x08001f5c                RCC_IRQHandler
                0x08001f5c                TIM8_BRK_TIM12_IRQHandler
                0x08001f5c                Default_Handler
                0x08001f5c                EXTI15_10_IRQHandler
                0x08001f5c                ADC_IRQHandler
                0x08001f5c                DMA1_Stream7_IRQHandler
                0x08001f5c                TIM7_IRQHandler
                0x08001f5c                CAN2_TX_IRQHandler
                0x08001f5c                TIM5_IRQHandler
                0x08001f5c                DMA2_Stream7_IRQHandler
                0x08001f5c                I2C3_EV_IRQHandler
                0x08001f5c                EXTI9_5_IRQHandler
                0x08001f5c                RTC_WKUP_IRQHandler
                0x08001f5c                ETH_WKUP_IRQHandler
                0x08001f5c                SPI2_IRQHandler
                0x08001f5c                OTG_HS_EP1_IN_IRQHandler
                0x08001f5c                DMA1_Stream0_IRQHandler
                0x08001f5c                CAN1_TX_IRQHandler
                0x08001f5c                EXTI4_IRQHandler
                0x08001f5c                FSMC_IRQHandler
                0x08001f5c                ETH_IRQHandler
                0x08001f5c                OTG_HS_EP1_OUT_IRQHandler
                0x08001f5c                WWDG_IRQHandler
                0x08001f5c                TIM2_IRQHandler
                0x08001f5c                OTG_FS_WKUP_IRQHandler
                0x08001f5c                TIM1_TRG_COM_TIM11_IRQHandler
                0x08001f5c                OTG_HS_IRQHandler
                0x08001f5c                EXTI1_IRQHandler
                0x08001f5c                USART2_IRQHandler
                0x08001f5c                I2C2_ER_IRQHandler
                0x08001f5c                DMA2_Stream1_IRQHandler
                0x08001f5c                CAN1_SCE_IRQHandler
                0x08001f5c                FLASH_IRQHandler
                0x08001f5c                DMA2_Stream4_IRQHandler
                0x08001f5c                USART1_IRQHandler
                0x08001f5c                SPI3_IRQHandler
                0x08001f5c                I2C1_ER_IRQHandler
                0x08001f5c                DMA2_Stream6_IRQHandler
 *fill*         0x08001f5e        0x2 
 .text.HAL_Init
                0x08001f60       0x44 ./Drivers/STM32F4xx_HAL_Driver/Src/stm32f4xx_hal.o
                0x08001f60                HAL_Init
 .text.HAL_IncTick
                0x08001fa4       0x28 ./Drivers/STM32F4xx_HAL_Driver/Src/stm32f4xx_hal.o
                0x08001fa4                HAL_IncTick
 .text.HAL_GetTick
                0x08001fcc       0x18 ./Drivers/STM32F4xx_HAL_Driver/Src/stm32f4xx_hal.o
                0x08001fcc                HAL_GetTick
 .text.HAL_Delay
                0x08001fe4       0x48 ./Drivers/STM32F4xx_HAL_Driver/Src/stm32f4xx_hal.o
                0x08001fe4                HAL_Delay
 .text.__NVIC_SetPriorityGrouping
                0x0800202c       0x48 ./Drivers/STM32F4xx_HAL_Driver/Src/stm32f4xx_hal_cortex.o
 .text.__NVIC_GetPriorityGrouping
                0x08002074       0x1c ./Drivers/STM32F4xx_HAL_Driver/Src/stm32f4xx_hal_cortex.o
 .text.__NVIC_EnableIRQ
                0x08002090       0x3c ./Drivers/STM32F4xx_HAL_Driver/Src/stm32f4xx_hal_cortex.o
 .text.__NVIC_SetPriority
                0x080020cc       0x54 ./Drivers/STM32F4xx_HAL_Driver/Src/stm32f4xx_hal_cortex.o
 .text.NVIC_EncodePriority
                0x08002120       0x66 ./Drivers/STM32F4xx_HAL_Driver/Src/stm32f4xx_hal_cortex.o
 .text.HAL_NVIC_SetPriorityGrouping
                0x08002186       0x16 ./Drivers/STM32F4xx_HAL_Driver/Src/stm32f4xx_hal_cortex.o
                0x08002186                HAL_NVIC_SetPriorityGrouping
 .text.HAL_NVIC_SetPriority
                0x0800219c       0x38 ./Drivers/STM32F4xx_HAL_Driver/Src/stm32f4xx_hal_cortex.o
                0x0800219c                HAL_NVIC_SetPriority
 .text.HAL_NVIC_EnableIRQ
                0x080021d4       0x1c ./Drivers/STM32F4xx_HAL_Driver/Src/stm32f4xx_hal_cortex.o
                0x080021d4                HAL_NVIC_EnableIRQ
 .text.HAL_DMA_Init
                0x080021f0      0x15c ./Drivers/STM32F4xx_HAL_Driver/Src/stm32f4xx_hal_dma.o
                0x080021f0                HAL_DMA_Init
 .text.HAL_DMA_Start_IT
                0x0800234c       0xb0 ./Drivers/STM32F4xx_HAL_Driver/Src/stm32f4xx_hal_dma.o
                0x0800234c                HAL_DMA_Start_IT
 .text.HAL_DMA_IRQHandler
                0x080023fc      0x314 ./Drivers/STM32F4xx_HAL_Driver/Src/stm32f4xx_hal_dma.o
                0x080023fc                HAL_DMA_IRQHandler
 .text.DMA_SetConfig
                0x08002710       0x5c ./Drivers/STM32F4xx_HAL_Driver/Src/stm32f4xx_hal_dma.o
 .text.DMA_CalcBaseAndBitshift
                0x0800276c       0x6c ./Drivers/STM32F4xx_HAL_Driver/Src/stm32f4xx_hal_dma.o
 .text.DMA_CheckFifoParam
                0x080027d8       0xf8 ./Drivers/STM32F4xx_HAL_Driver/Src/stm32f4xx_hal_dma.o
 .text.HAL_GPIO_Init
                0x080028d0      0x338 ./Drivers/STM32F4xx_HAL_Driver/Src/stm32f4xx_hal_gpio.o
                0x080028d0                HAL_GPIO_Init
 .text.HAL_GPIO_WritePin
                0x08002c08       0x32 ./Drivers/STM32F4xx_HAL_Driver/Src/stm32f4xx_hal_gpio.o
                0x08002c08                HAL_GPIO_WritePin
 .text.HAL_GPIO_TogglePin
                0x08002c3a       0x34 ./Drivers/STM32F4xx_HAL_Driver/Src/stm32f4xx_hal_gpio.o
                0x08002c3a                HAL_GPIO_TogglePin
 .text.HAL_HCD_Init
                0x08002c6e       0xce ./Drivers/STM32F4xx_HAL_Driver/Src/stm32f4xx_hal_hcd.o
                0x08002c6e                HAL_HCD_Init
 .text.HAL_HCD_HC_Init
                0x08002d3c      0x170 ./Drivers/STM32F4xx_HAL_Driver/Src/stm32f4xx_hal_hcd.o
                0x08002d3c                HAL_HCD_HC_Init
 .text.HAL_HCD_HC_SubmitRequest
                0x08002eac      0x33c ./Drivers/STM32F4xx_HAL_Driver/Src/stm32f4xx_hal_hcd.o
                0x08002eac                HAL_HCD_HC_SubmitRequest
 .text.HAL_HCD_IRQHandler
                0x080031e8      0x220 ./Drivers/STM32F4xx_HAL_Driver/Src/stm32f4xx_hal_hcd.o
                0x080031e8                HAL_HCD_IRQHandler
 .text.HAL_HCD_Start
                0x08003408       0x46 ./Drivers/STM32F4xx_HAL_Driver/Src/stm32f4xx_hal_hcd.o
                0x08003408                HAL_HCD_Start
 .text.HAL_HCD_Stop
                0x0800344e       0x3a ./Drivers/STM32F4xx_HAL_Driver/Src/stm32f4xx_hal_hcd.o
                0x0800344e                HAL_HCD_Stop
 .text.HAL_HCD_ResetPort
                0x08003488       0x1c ./Drivers/STM32F4xx_HAL_Driver/Src/stm32f4xx_hal_hcd.o
                0x08003488                HAL_HCD_ResetPort
 .text.HAL_HCD_HC_GetURBState
                0x080034a4       0x2a ./Drivers/STM32F4xx_HAL_Driver/Src/stm32f4xx_hal_hcd.o
                0x080034a4                HAL_HCD_HC_GetURBState
 .text.HAL_HCD_HC_GetXferCount
                0x080034ce       0x2a ./Drivers/STM32F4xx_HAL_Driver/Src/stm32f4xx_hal_hcd.o
                0x080034ce                HAL_HCD_HC_GetXferCount
 .text.HAL_HCD_GetCurrentFrame
                0x080034f8       0x1c ./Drivers/STM32F4xx_HAL_Driver/Src/stm32f4xx_hal_hcd.o
                0x080034f8                HAL_HCD_GetCurrentFrame
 .text.HAL_HCD_GetCurrentSpeed
                0x08003514       0x1c ./Drivers/STM32F4xx_HAL_Driver/Src/stm32f4xx_hal_hcd.o
                0x08003514                HAL_HCD_GetCurrentSpeed
 .text.HAL_HCD_HC_ClearHubInfo
                0x08003530       0x6a ./Drivers/STM32F4xx_HAL_Driver/Src/stm32f4xx_hal_hcd.o
                0x08003530                HAL_HCD_HC_ClearHubInfo
 .text.HCD_HC_IN_IRQHandler
                0x0800359a      0xcd2 ./Drivers/STM32F4xx_HAL_Driver/Src/stm32f4xx_hal_hcd.o
 .text.HCD_HC_OUT_IRQHandler
                0x0800426c      0x97e ./Drivers/STM32F4xx_HAL_Driver/Src/stm32f4xx_hal_hcd.o
 .text.HCD_RXQLVL_IRQHandler
                0x08004bea      0x1be ./Drivers/STM32F4xx_HAL_Driver/Src/stm32f4xx_hal_hcd.o
 .text.HCD_Port_IRQHandler
                0x08004da8       0xe6 ./Drivers/STM32F4xx_HAL_Driver/Src/stm32f4xx_hal_hcd.o
 *fill*         0x08004e8e        0x2 
 .text.HAL_I2C_Init
                0x08004e90      0x288 ./Drivers/STM32F4xx_HAL_Driver/Src/stm32f4xx_hal_i2c.o
                0x08004e90                HAL_I2C_Init
 .text.HAL_I2S_Init
                0x08005118      0x280 ./Drivers/STM32F4xx_HAL_Driver/Src/stm32f4xx_hal_i2s.o
                0x08005118                HAL_I2S_Init
 .text.HAL_I2S_TxCpltCallback
                0x08005398       0x14 ./Drivers/STM32F4xx_HAL_Driver/Src/stm32f4xx_hal_i2s.o
                0x08005398                HAL_I2S_TxCpltCallback
 .text.HAL_I2S_RxCpltCallback
                0x080053ac       0x14 ./Drivers/STM32F4xx_HAL_Driver/Src/stm32f4xx_hal_i2s.o
                0x080053ac                HAL_I2S_RxCpltCallback
 .text.HAL_I2S_ErrorCallback
                0x080053c0       0x14 ./Drivers/STM32F4xx_HAL_Driver/Src/stm32f4xx_hal_i2s.o
                0x080053c0                HAL_I2S_ErrorCallback
 .text.I2S_Transmit_IT
                0x080053d4       0x5c ./Drivers/STM32F4xx_HAL_Driver/Src/stm32f4xx_hal_i2s.o
 .text.I2S_Receive_IT
                0x08005430       0x5e ./Drivers/STM32F4xx_HAL_Driver/Src/stm32f4xx_hal_i2s.o
 .text.I2S_IRQHandler
                0x0800548e      0x114 ./Drivers/STM32F4xx_HAL_Driver/Src/stm32f4xx_hal_i2s.o
 *fill*         0x080055a2        0x2 
 .text.HAL_I2SEx_TransmitReceive_DMA
                0x080055a4      0x2cc ./Drivers/STM32F4xx_HAL_Driver/Src/stm32f4xx_hal_i2s_ex.o
                0x080055a4                HAL_I2SEx_TransmitReceive_DMA
 .text.HAL_I2SEx_FullDuplex_IRQHandler
                0x08005870      0x2a8 ./Drivers/STM32F4xx_HAL_Driver/Src/stm32f4xx_hal_i2s_ex.o
                0x08005870                HAL_I2SEx_FullDuplex_IRQHandler
 .text.I2SEx_TxRxDMAHalfCplt
                0x08005b18       0x1c ./Drivers/STM32F4xx_HAL_Driver/Src/stm32f4xx_hal_i2s_ex.o
 .text.I2SEx_TxRxDMACplt
                0x08005b34       0xd8 ./Drivers/STM32F4xx_HAL_Driver/Src/stm32f4xx_hal_i2s_ex.o
 .text.I2SEx_TxRxDMAError
                0x08005c0c       0x80 ./Drivers/STM32F4xx_HAL_Driver/Src/stm32f4xx_hal_i2s_ex.o
 .text.I2SEx_TxISR_I2S
                0x08005c8c       0x62 ./Drivers/STM32F4xx_HAL_Driver/Src/stm32f4xx_hal_i2s_ex.o
 *fill*         0x08005cee        0x2 
 .text.I2SEx_TxISR_I2SExt
                0x08005cf0       0x98 ./Drivers/STM32F4xx_HAL_Driver/Src/stm32f4xx_hal_i2s_ex.o
 .text.I2SEx_RxISR_I2S
                0x08005d88       0x64 ./Drivers/STM32F4xx_HAL_Driver/Src/stm32f4xx_hal_i2s_ex.o
 .text.I2SEx_RxISR_I2SExt
                0x08005dec       0x98 ./Drivers/STM32F4xx_HAL_Driver/Src/stm32f4xx_hal_i2s_ex.o
 .text.HAL_RCC_OscConfig
                0x08005e84      0x4f0 ./Drivers/STM32F4xx_HAL_Driver/Src/stm32f4xx_hal_rcc.o
                0x08005e84                HAL_RCC_OscConfig
 .text.HAL_RCC_ClockConfig
                0x08006374      0x1cc ./Drivers/STM32F4xx_HAL_Driver/Src/stm32f4xx_hal_rcc.o
                0x08006374                HAL_RCC_ClockConfig
 .text.HAL_RCC_GetSysClockFreq
                0x08006540      0x20c ./Drivers/STM32F4xx_HAL_Driver/Src/stm32f4xx_hal_rcc.o
                0x08006540                HAL_RCC_GetSysClockFreq
 .text.HAL_RCC_GetHCLKFreq
                0x0800674c       0x18 ./Drivers/STM32F4xx_HAL_Driver/Src/stm32f4xx_hal_rcc.o
                0x0800674c                HAL_RCC_GetHCLKFreq
 .text.HAL_RCC_GetPCLK1Freq
                0x08006764       0x28 ./Drivers/STM32F4xx_HAL_Driver/Src/stm32f4xx_hal_rcc.o
                0x08006764                HAL_RCC_GetPCLK1Freq
 .text.HAL_RCC_GetPCLK2Freq
                0x0800678c       0x28 ./Drivers/STM32F4xx_HAL_Driver/Src/stm32f4xx_hal_rcc.o
                0x0800678c                HAL_RCC_GetPCLK2Freq
 .text.HAL_RCC_GetClockConfig
                0x080067b4       0x64 ./Drivers/STM32F4xx_HAL_Driver/Src/stm32f4xx_hal_rcc.o
                0x080067b4                HAL_RCC_GetClockConfig
 .text.HAL_RCCEx_PeriphCLKConfig
                0x08006818      0x1c4 ./Drivers/STM32F4xx_HAL_Driver/Src/stm32f4xx_hal_rcc_ex.o
                0x08006818                HAL_RCCEx_PeriphCLKConfig
 .text.HAL_RCCEx_GetPeriphCLKFreq
                0x080069dc       0xc0 ./Drivers/STM32F4xx_HAL_Driver/Src/stm32f4xx_hal_rcc_ex.o
                0x080069dc                HAL_RCCEx_GetPeriphCLKFreq
 .text.HAL_SPI_Init
                0x08006a9c      0x112 ./Drivers/STM32F4xx_HAL_Driver/Src/stm32f4xx_hal_spi.o
                0x08006a9c                HAL_SPI_Init
 .text.HAL_TIM_Base_Init
                0x08006bae       0x9e ./Drivers/STM32F4xx_HAL_Driver/Src/stm32f4xx_hal_tim.o
                0x08006bae                HAL_TIM_Base_Init
 .text.HAL_TIM_Base_MspInit
                0x08006c4c       0x14 ./Drivers/STM32F4xx_HAL_Driver/Src/stm32f4xx_hal_tim.o
                0x08006c4c                HAL_TIM_Base_MspInit
 .text.HAL_TIM_Base_Start_IT
                0x08006c60       0xe0 ./Drivers/STM32F4xx_HAL_Driver/Src/stm32f4xx_hal_tim.o
                0x08006c60                HAL_TIM_Base_Start_IT
 .text.HAL_TIM_IRQHandler
                0x08006d40      0x1e0 ./Drivers/STM32F4xx_HAL_Driver/Src/stm32f4xx_hal_tim.o
                0x08006d40                HAL_TIM_IRQHandler
 .text.HAL_TIM_OC_DelayElapsedCallback
                0x08006f20       0x14 ./Drivers/STM32F4xx_HAL_Driver/Src/stm32f4xx_hal_tim.o
                0x08006f20                HAL_TIM_OC_DelayElapsedCallback
 .text.HAL_TIM_IC_CaptureCallback
                0x08006f34       0x14 ./Drivers/STM32F4xx_HAL_Driver/Src/stm32f4xx_hal_tim.o
                0x08006f34                HAL_TIM_IC_CaptureCallback
 .text.HAL_TIM_PWM_PulseFinishedCallback
                0x08006f48       0x14 ./Drivers/STM32F4xx_HAL_Driver/Src/stm32f4xx_hal_tim.o
                0x08006f48                HAL_TIM_PWM_PulseFinishedCallback
 .text.HAL_TIM_TriggerCallback
                0x08006f5c       0x14 ./Drivers/STM32F4xx_HAL_Driver/Src/stm32f4xx_hal_tim.o
                0x08006f5c                HAL_TIM_TriggerCallback
 .text.TIM_Base_SetConfig
                0x08006f70      0x14c ./Drivers/STM32F4xx_HAL_Driver/Src/stm32f4xx_hal_tim.o
                0x08006f70                TIM_Base_SetConfig
 .text.HAL_TIMEx_CommutCallback
                0x080070bc       0x14 ./Drivers/STM32F4xx_HAL_Driver/Src/stm32f4xx_hal_tim_ex.o
                0x080070bc                HAL_TIMEx_CommutCallback
 .text.HAL_TIMEx_BreakCallback
                0x080070d0       0x14 ./Drivers/STM32F4xx_HAL_Driver/Src/stm32f4xx_hal_tim_ex.o
                0x080070d0                HAL_TIMEx_BreakCallback
 .text.HAL_UART_Init
                0x080070e4       0xa0 ./Drivers/STM32F4xx_HAL_Driver/Src/stm32f4xx_hal_uart.o
                0x080070e4                HAL_UART_Init
 .text.HAL_UART_Transmit
                0x08007184      0x116 ./Drivers/STM32F4xx_HAL_Driver/Src/stm32f4xx_hal_uart.o
                0x08007184                HAL_UART_Transmit
 .text.HAL_UART_Receive
                0x0800729a      0x12e ./Drivers/STM32F4xx_HAL_Driver/Src/stm32f4xx_hal_uart.o
                0x0800729a                HAL_UART_Receive
 .text.UART_WaitOnFlagUntilTimeout
                0x080073c8       0xb2 ./Drivers/STM32F4xx_HAL_Driver/Src/stm32f4xx_hal_uart.o
 .text.UART_EndRxTransfer
                0x0800747a       0xc6 ./Drivers/STM32F4xx_HAL_Driver/Src/stm32f4xx_hal_uart.o
 .text.UART_SetConfig
                0x08007540      0x4e8 ./Drivers/STM32F4xx_HAL_Driver/Src/stm32f4xx_hal_uart.o
 .text.USB_CoreInit
                0x08007a28       0xc8 ./Drivers/STM32F4xx_HAL_Driver/Src/stm32f4xx_ll_usb.o
                0x08007a28                USB_CoreInit
 .text.USB_EnableGlobalInt
                0x08007af0       0x22 ./Drivers/STM32F4xx_HAL_Driver/Src/stm32f4xx_ll_usb.o
                0x08007af0                USB_EnableGlobalInt
 .text.USB_DisableGlobalInt
                0x08007b12       0x22 ./Drivers/STM32F4xx_HAL_Driver/Src/stm32f4xx_ll_usb.o
                0x08007b12                USB_DisableGlobalInt
 .text.USB_SetCurrentMode
                0x08007b34       0x98 ./Drivers/STM32F4xx_HAL_Driver/Src/stm32f4xx_ll_usb.o
                0x08007b34                USB_SetCurrentMode
 .text.USB_FlushTxFifo
                0x08007bcc       0x64 ./Drivers/STM32F4xx_HAL_Driver/Src/stm32f4xx_ll_usb.o
                0x08007bcc                USB_FlushTxFifo
 .text.USB_FlushRxFifo
                0x08007c30       0x5c ./Drivers/STM32F4xx_HAL_Driver/Src/stm32f4xx_ll_usb.o
                0x08007c30                USB_FlushRxFifo
 .text.USB_WritePacket
                0x08007c8c       0x7c ./Drivers/STM32F4xx_HAL_Driver/Src/stm32f4xx_ll_usb.o
                0x08007c8c                USB_WritePacket
 .text.USB_ReadPacket
                0x08007d08       0xb0 ./Drivers/STM32F4xx_HAL_Driver/Src/stm32f4xx_ll_usb.o
                0x08007d08                USB_ReadPacket
 .text.USB_ReadInterrupts
                0x08007db8       0x26 ./Drivers/STM32F4xx_HAL_Driver/Src/stm32f4xx_ll_usb.o
                0x08007db8                USB_ReadInterrupts
 .text.USB_ReadChInterrupts
                0x08007dde       0x42 ./Drivers/STM32F4xx_HAL_Driver/Src/stm32f4xx_ll_usb.o
                0x08007dde                USB_ReadChInterrupts
 .text.USB_GetMode
                0x08007e20       0x1c ./Drivers/STM32F4xx_HAL_Driver/Src/stm32f4xx_ll_usb.o
                0x08007e20                USB_GetMode
 .text.USB_CoreReset
                0x08007e3c       0x70 ./Drivers/STM32F4xx_HAL_Driver/Src/stm32f4xx_ll_usb.o
 .text.USB_HostInit
                0x08007eac      0x188 ./Drivers/STM32F4xx_HAL_Driver/Src/stm32f4xx_ll_usb.o
                0x08007eac                USB_HostInit
 .text.USB_InitFSLSPClkSel
                0x08008034       0x7a ./Drivers/STM32F4xx_HAL_Driver/Src/stm32f4xx_ll_usb.o
                0x08008034                USB_InitFSLSPClkSel
 .text.USB_ResetPort
                0x080080ae       0x54 ./Drivers/STM32F4xx_HAL_Driver/Src/stm32f4xx_ll_usb.o
                0x080080ae                USB_ResetPort
 .text.USB_DriveVbus
                0x08008102       0x72 ./Drivers/STM32F4xx_HAL_Driver/Src/stm32f4xx_ll_usb.o
                0x08008102                USB_DriveVbus
 .text.USB_GetHostSpeed
                0x08008174       0x2e ./Drivers/STM32F4xx_HAL_Driver/Src/stm32f4xx_ll_usb.o
                0x08008174                USB_GetHostSpeed
 .text.USB_GetCurrentFrame
                0x080081a2       0x22 ./Drivers/STM32F4xx_HAL_Driver/Src/stm32f4xx_ll_usb.o
                0x080081a2                USB_GetCurrentFrame
 .text.USB_HC_Init
                0x080081c4      0x258 ./Drivers/STM32F4xx_HAL_Driver/Src/stm32f4xx_ll_usb.o
                0x080081c4                USB_HC_Init
 .text.USB_HC_StartXfer
                0x0800841c      0x4f4 ./Drivers/STM32F4xx_HAL_Driver/Src/stm32f4xx_ll_usb.o
                0x0800841c                USB_HC_StartXfer
 .text.USB_HC_ReadInterrupt
                0x08008910       0x22 ./Drivers/STM32F4xx_HAL_Driver/Src/stm32f4xx_ll_usb.o
                0x08008910                USB_HC_ReadInterrupt
 .text.USB_HC_Halt
                0x08008932      0x240 ./Drivers/STM32F4xx_HAL_Driver/Src/stm32f4xx_ll_usb.o
                0x08008932                USB_HC_Halt
 *fill*         0x08008b72        0x2 
 .text.USB_DoPing
                0x08008b74       0x78 ./Drivers/STM32F4xx_HAL_Driver/Src/stm32f4xx_ll_usb.o
                0x08008b74                USB_DoPing
 .text.USB_StopHost
                0x08008bec      0x124 ./Drivers/STM32F4xx_HAL_Driver/Src/stm32f4xx_ll_usb.o
                0x08008bec                USB_StopHost
 .text.USBH_CDC_InterfaceInit
                0x08008d10      0x2ac ./Middlewares/ST/STM32_USB_Host_Library/Class/CDC/Src/usbh_cdc.o
 .text.USBH_CDC_InterfaceDeInit
                0x08008fbc       0xb2 ./Middlewares/ST/STM32_USB_Host_Library/Class/CDC/Src/usbh_cdc.o
 .text.USBH_CDC_ClassRequest
                0x0800906e       0x3e ./Middlewares/ST/STM32_USB_Host_Library/Class/CDC/Src/usbh_cdc.o
 .text.USBH_CDC_Process
                0x080090ac      0x12c ./Middlewares/ST/STM32_USB_Host_Library/Class/CDC/Src/usbh_cdc.o
 .text.USBH_CDC_SOFProcess
                0x080091d8       0x16 ./Middlewares/ST/STM32_USB_Host_Library/Class/CDC/Src/usbh_cdc.o
 .text.GetLineCoding
                0x080091ee       0x3e ./Middlewares/ST/STM32_USB_Host_Library/Class/CDC/Src/usbh_cdc.o
 .text.SetLineCoding
                0x0800922c       0x3e ./Middlewares/ST/STM32_USB_Host_Library/Class/CDC/Src/usbh_cdc.o
 .text.CDC_ProcessTransmission
                0x0800926a      0x104 ./Middlewares/ST/STM32_USB_Host_Library/Class/CDC/Src/usbh_cdc.o
 .text.CDC_ProcessReception
                0x0800936e       0xc2 ./Middlewares/ST/STM32_USB_Host_Library/Class/CDC/Src/usbh_cdc.o
 .text.USBH_CDC_TransmitCallback
                0x08009430       0x14 ./Middlewares/ST/STM32_USB_Host_Library/Class/CDC/Src/usbh_cdc.o
                0x08009430                USBH_CDC_TransmitCallback
 .text.USBH_CDC_ReceiveCallback
                0x08009444       0x14 ./Middlewares/ST/STM32_USB_Host_Library/Class/CDC/Src/usbh_cdc.o
                0x08009444                USBH_CDC_ReceiveCallback
 .text.USBH_CDC_LineCodingChanged
                0x08009458       0x14 ./Middlewares/ST/STM32_USB_Host_Library/Class/CDC/Src/usbh_cdc.o
                0x08009458                USBH_CDC_LineCodingChanged
 .text.USBH_Init
                0x0800946c       0xb8 ./Middlewares/ST/STM32_USB_Host_Library/Core/Src/usbh_core.o
                0x0800946c                USBH_Init
 .text.DeInitStateMachine
                0x08009524       0xe2 ./Middlewares/ST/STM32_USB_Host_Library/Core/Src/usbh_core.o
 .text.USBH_RegisterClass
                0x08009606       0x54 ./Middlewares/ST/STM32_USB_Host_Library/Core/Src/usbh_core.o
                0x08009606                USBH_RegisterClass
 .text.USBH_SelectInterface
                0x0800965a       0x38 ./Middlewares/ST/STM32_USB_Host_Library/Core/Src/usbh_core.o
                0x0800965a                USBH_SelectInterface
 .text.USBH_FindInterface
                0x08009692       0x8c ./Middlewares/ST/STM32_USB_Host_Library/Core/Src/usbh_core.o
                0x08009692                USBH_FindInterface
 .text.USBH_Start
                0x0800971e       0x20 ./Middlewares/ST/STM32_USB_Host_Library/Core/Src/usbh_core.o
                0x0800971e                USBH_Start
 *fill*         0x0800973e        0x2 
 .text.USBH_Process
                0x08009740      0x434 ./Middlewares/ST/STM32_USB_Host_Library/Core/Src/usbh_core.o
                0x08009740                USBH_Process
 .text.USBH_HandleEnum
                0x08009b74      0x3fc ./Middlewares/ST/STM32_USB_Host_Library/Core/Src/usbh_core.o
 .text.USBH_LL_SetTimer
                0x08009f70       0x1e ./Middlewares/ST/STM32_USB_Host_Library/Core/Src/usbh_core.o
                0x08009f70                USBH_LL_SetTimer
 .text.USBH_LL_IncTimer
                0x08009f8e       0x24 ./Middlewares/ST/STM32_USB_Host_Library/Core/Src/usbh_core.o
                0x08009f8e                USBH_LL_IncTimer
 .text.USBH_HandleSof
                0x08009fb2       0x30 ./Middlewares/ST/STM32_USB_Host_Library/Core/Src/usbh_core.o
 .text.USBH_LL_PortEnabled
                0x08009fe2       0x24 ./Middlewares/ST/STM32_USB_Host_Library/Core/Src/usbh_core.o
                0x08009fe2                USBH_LL_PortEnabled
 .text.USBH_LL_PortDisabled
                0x0800a006       0x24 ./Middlewares/ST/STM32_USB_Host_Library/Core/Src/usbh_core.o
                0x0800a006                USBH_LL_PortDisabled
 .text.USBH_LL_Connect
                0x0800a02a       0x36 ./Middlewares/ST/STM32_USB_Host_Library/Core/Src/usbh_core.o
                0x0800a02a                USBH_LL_Connect
 .text.USBH_LL_Disconnect
                0x0800a060       0x54 ./Middlewares/ST/STM32_USB_Host_Library/Core/Src/usbh_core.o
                0x0800a060                USBH_LL_Disconnect
 .text.USBH_OS_PutMessage
                0x0800a0b4       0x48 ./Middlewares/ST/STM32_USB_Host_Library/Core/Src/usbh_core.o
                0x0800a0b4                USBH_OS_PutMessage
 .text.USBH_Process_OS
                0x0800a0fc       0x2e ./Middlewares/ST/STM32_USB_Host_Library/Core/Src/usbh_core.o
 .text.USBH_LL_NotifyURBChange
                0x0800a12a       0x1e ./Middlewares/ST/STM32_USB_Host_Library/Core/Src/usbh_core.o
                0x0800a12a                USBH_LL_NotifyURBChange
 .text.USBH_Get_DevDesc
                0x0800a148       0x58 ./Middlewares/ST/STM32_USB_Host_Library/Core/Src/usbh_ctlreq.o
                0x0800a148                USBH_Get_DevDesc
 .text.USBH_Get_CfgDesc
                0x0800a1a0       0x54 ./Middlewares/ST/STM32_USB_Host_Library/Core/Src/usbh_ctlreq.o
                0x0800a1a0                USBH_Get_CfgDesc
 .text.USBH_Get_StringDesc
                0x0800a1f4       0x68 ./Middlewares/ST/STM32_USB_Host_Library/Core/Src/usbh_ctlreq.o
                0x0800a1f4                USBH_Get_StringDesc
 .text.USBH_GetDescriptor
                0x0800a25c       0x6a ./Middlewares/ST/STM32_USB_Host_Library/Core/Src/usbh_ctlreq.o
                0x0800a25c                USBH_GetDescriptor
 .text.USBH_SetAddress
                0x0800a2c6       0x48 ./Middlewares/ST/STM32_USB_Host_Library/Core/Src/usbh_ctlreq.o
                0x0800a2c6                USBH_SetAddress
 .text.USBH_SetCfg
                0x0800a30e       0x46 ./Middlewares/ST/STM32_USB_Host_Library/Core/Src/usbh_ctlreq.o
                0x0800a30e                USBH_SetCfg
 .text.USBH_SetFeature
                0x0800a354       0x48 ./Middlewares/ST/STM32_USB_Host_Library/Core/Src/usbh_ctlreq.o
                0x0800a354                USBH_SetFeature
 .text.USBH_ClrFeature
                0x0800a39c       0x48 ./Middlewares/ST/STM32_USB_Host_Library/Core/Src/usbh_ctlreq.o
                0x0800a39c                USBH_ClrFeature
 .text.USBH_ParseDevDesc
                0x0800a3e4      0x160 ./Middlewares/ST/STM32_USB_Host_Library/Core/Src/usbh_ctlreq.o
 .text.USBH_ParseCfgDesc
                0x0800a544      0x1f8 ./Middlewares/ST/STM32_USB_Host_Library/Core/Src/usbh_ctlreq.o
 .text.USBH_ParseInterfaceDesc
                0x0800a73c       0x5e ./Middlewares/ST/STM32_USB_Host_Library/Core/Src/usbh_ctlreq.o
 .text.USBH_ParseEPDesc
                0x0800a79a      0x1d0 ./Middlewares/ST/STM32_USB_Host_Library/Core/Src/usbh_ctlreq.o
 .text.USBH_ParseStringDesc
                0x0800a96a       0x66 ./Middlewares/ST/STM32_USB_Host_Library/Core/Src/usbh_ctlreq.o
 .text.USBH_GetNextDesc
                0x0800a9d0       0x34 ./Middlewares/ST/STM32_USB_Host_Library/Core/Src/usbh_ctlreq.o
                0x0800a9d0                USBH_GetNextDesc
 .text.USBH_CtlReq
                0x0800aa04       0x92 ./Middlewares/ST/STM32_USB_Host_Library/Core/Src/usbh_ctlreq.o
                0x0800aa04                USBH_CtlReq
 *fill*         0x0800aa96        0x2 
 .text.USBH_HandleControl
                0x0800aa98      0x3a0 ./Middlewares/ST/STM32_USB_Host_Library/Core/Src/usbh_ctlreq.o
 .text.USBH_CtlSendSetup
                0x0800ae38       0x34 ./Middlewares/ST/STM32_USB_Host_Library/Core/Src/usbh_ioreq.o
                0x0800ae38                USBH_CtlSendSetup
 .text.USBH_CtlSendData
                0x0800ae6c       0x4a ./Middlewares/ST/STM32_USB_Host_Library/Core/Src/usbh_ioreq.o
                0x0800ae6c                USBH_CtlSendData
 .text.USBH_CtlReceiveData
                0x0800aeb6       0x3c ./Middlewares/ST/STM32_USB_Host_Library/Core/Src/usbh_ioreq.o
                0x0800aeb6                USBH_CtlReceiveData
 .text.USBH_BulkSendData
                0x0800aef2       0x4a ./Middlewares/ST/STM32_USB_Host_Library/Core/Src/usbh_ioreq.o
                0x0800aef2                USBH_BulkSendData
 .text.USBH_BulkReceiveData
                0x0800af3c       0x3c ./Middlewares/ST/STM32_USB_Host_Library/Core/Src/usbh_ioreq.o
                0x0800af3c                USBH_BulkReceiveData
 .text.USBH_OpenPipe
                0x0800af78       0x3e ./Middlewares/ST/STM32_USB_Host_Library/Core/Src/usbh_pipes.o
                0x0800af78                USBH_OpenPipe
 .text.USBH_ClosePipe
                0x0800afb6       0x20 ./Middlewares/ST/STM32_USB_Host_Library/Core/Src/usbh_pipes.o
                0x0800afb6                USBH_ClosePipe
 .text.USBH_AllocPipe
                0x0800afd6       0x42 ./Middlewares/ST/STM32_USB_Host_Library/Core/Src/usbh_pipes.o
                0x0800afd6                USBH_AllocPipe
 .text.USBH_FreePipe
                0x0800b018       0x3c ./Middlewares/ST/STM32_USB_Host_Library/Core/Src/usbh_pipes.o
                0x0800b018                USBH_FreePipe
 .text.USBH_GetFreePipe
                0x0800b054       0x48 ./Middlewares/ST/STM32_USB_Host_Library/Core/Src/usbh_pipes.o
 .text.__NVIC_SetPriority
                0x0800b09c       0x54 ./Middlewares/Third_Party/FreeRTOS/Source/CMSIS_RTOS_V2/cmsis_os2.o
 .text.SysTick_Handler
                0x0800b0f0       0x20 ./Middlewares/Third_Party/FreeRTOS/Source/CMSIS_RTOS_V2/cmsis_os2.o
                0x0800b0f0                SysTick_Handler
 .text.SVC_Setup
                0x0800b110       0x12 ./Middlewares/Third_Party/FreeRTOS/Source/CMSIS_RTOS_V2/cmsis_os2.o
 *fill*         0x0800b122        0x2 
 .text.osKernelInitialize
                0x0800b124       0x48 ./Middlewares/Third_Party/FreeRTOS/Source/CMSIS_RTOS_V2/cmsis_os2.o
                0x0800b124                osKernelInitialize
 .text.osKernelStart
                0x0800b16c       0x4c ./Middlewares/Third_Party/FreeRTOS/Source/CMSIS_RTOS_V2/cmsis_os2.o
                0x0800b16c                osKernelStart
 .text.osThreadNew
                0x0800b1b8      0x124 ./Middlewares/Third_Party/FreeRTOS/Source/CMSIS_RTOS_V2/cmsis_os2.o
                0x0800b1b8                osThreadNew
 .text.osDelay  0x0800b2dc       0x36 ./Middlewares/Third_Party/FreeRTOS/Source/CMSIS_RTOS_V2/cmsis_os2.o
                0x0800b2dc                osDelay
 .text.osMessageQueueNew
                0x0800b312       0xe6 ./Middlewares/Third_Party/FreeRTOS/Source/CMSIS_RTOS_V2/cmsis_os2.o
                0x0800b312                osMessageQueueNew
 .text.osMessageQueuePut
                0x0800b3f8       0xc0 ./Middlewares/Third_Party/FreeRTOS/Source/CMSIS_RTOS_V2/cmsis_os2.o
                0x0800b3f8                osMessageQueuePut
 .text.osMessageQueueGet
                0x0800b4b8       0xbc ./Middlewares/Third_Party/FreeRTOS/Source/CMSIS_RTOS_V2/cmsis_os2.o
                0x0800b4b8                osMessageQueueGet
 .text.osMessageQueueGetSpace
                0x0800b574       0x6a ./Middlewares/Third_Party/FreeRTOS/Source/CMSIS_RTOS_V2/cmsis_os2.o
                0x0800b574                osMessageQueueGetSpace
 *fill*         0x0800b5de        0x2 
 .text.vApplicationGetIdleTaskMemory
                0x0800b5e0       0x34 ./Middlewares/Third_Party/FreeRTOS/Source/CMSIS_RTOS_V2/cmsis_os2.o
                0x0800b5e0                vApplicationGetIdleTaskMemory
 .text.vApplicationGetTimerTaskMemory
                0x0800b614       0x34 ./Middlewares/Third_Party/FreeRTOS/Source/CMSIS_RTOS_V2/cmsis_os2.o
                0x0800b614                vApplicationGetTimerTaskMemory
 .text.vListInitialise
                0x0800b648       0x40 ./Middlewares/Third_Party/FreeRTOS/Source/list.o
                0x0800b648                vListInitialise
 .text.vListInitialiseItem
                0x0800b688       0x1a ./Middlewares/Third_Party/FreeRTOS/Source/list.o
                0x0800b688                vListInitialiseItem
 .text.vListInsertEnd
                0x0800b6a2       0x48 ./Middlewares/Third_Party/FreeRTOS/Source/list.o
                0x0800b6a2                vListInsertEnd
 .text.vListInsert
                0x0800b6ea       0x72 ./Middlewares/Third_Party/FreeRTOS/Source/list.o
                0x0800b6ea                vListInsert
 .text.uxListRemove
                0x0800b75c       0x54 ./Middlewares/Third_Party/FreeRTOS/Source/list.o
                0x0800b75c                uxListRemove
 .text.xQueueGenericReset
                0x0800b7b0       0xd4 ./Middlewares/Third_Party/FreeRTOS/Source/queue.o
                0x0800b7b0                xQueueGenericReset
 .text.xQueueGenericCreateStatic
                0x0800b884       0xfa ./Middlewares/Third_Party/FreeRTOS/Source/queue.o
                0x0800b884                xQueueGenericCreateStatic
 .text.xQueueGenericCreate
                0x0800b97e       0x76 ./Middlewares/Third_Party/FreeRTOS/Source/queue.o
                0x0800b97e                xQueueGenericCreate
 .text.prvInitialiseNewQueue
                0x0800b9f4       0x46 ./Middlewares/Third_Party/FreeRTOS/Source/queue.o
 *fill*         0x0800ba3a        0x2 
 .text.xQueueGenericSend
                0x0800ba3c      0x204 ./Middlewares/Third_Party/FreeRTOS/Source/queue.o
                0x0800ba3c                xQueueGenericSend
 .text.xQueueGenericSendFromISR
                0x0800bc40      0x13c ./Middlewares/Third_Party/FreeRTOS/Source/queue.o
                0x0800bc40                xQueueGenericSendFromISR
 .text.xQueueReceive
                0x0800bd7c      0x1c4 ./Middlewares/Third_Party/FreeRTOS/Source/queue.o
                0x0800bd7c                xQueueReceive
 .text.xQueueReceiveFromISR
                0x0800bf40      0x104 ./Middlewares/Third_Party/FreeRTOS/Source/queue.o
                0x0800bf40                xQueueReceiveFromISR
 .text.uxQueueSpacesAvailable
                0x0800c044       0x48 ./Middlewares/Third_Party/FreeRTOS/Source/queue.o
                0x0800c044                uxQueueSpacesAvailable
 .text.prvCopyDataToQueue
                0x0800c08c       0xd4 ./Middlewares/Third_Party/FreeRTOS/Source/queue.o
 .text.prvCopyDataFromQueue
                0x0800c160       0x4c ./Middlewares/Third_Party/FreeRTOS/Source/queue.o
 .text.prvUnlockQueue
                0x0800c1ac       0xa4 ./Middlewares/Third_Party/FreeRTOS/Source/queue.o
 .text.prvIsQueueEmpty
                0x0800c250       0x2c ./Middlewares/Third_Party/FreeRTOS/Source/queue.o
 .text.prvIsQueueFull
                0x0800c27c       0x30 ./Middlewares/Third_Party/FreeRTOS/Source/queue.o
 .text.vQueueAddToRegistry
                0x0800c2ac       0x54 ./Middlewares/Third_Party/FreeRTOS/Source/queue.o
                0x0800c2ac                vQueueAddToRegistry
 .text.vQueueWaitForMessageRestricted
                0x0800c300       0x68 ./Middlewares/Third_Party/FreeRTOS/Source/queue.o
                0x0800c300                vQueueWaitForMessageRestricted
 .text.xTaskCreateStatic
                0x0800c368       0xc0 ./Middlewares/Third_Party/FreeRTOS/Source/tasks.o
                0x0800c368                xTaskCreateStatic
 .text.xTaskCreate
                0x0800c428       0x8a ./Middlewares/Third_Party/FreeRTOS/Source/tasks.o
                0x0800c428                xTaskCreate
 .text.prvInitialiseNewTask
                0x0800c4b2      0x120 ./Middlewares/Third_Party/FreeRTOS/Source/tasks.o
 *fill*         0x0800c5d2        0x2 
 .text.prvAddNewTaskToReadyList
                0x0800c5d4       0xe0 ./Middlewares/Third_Party/FreeRTOS/Source/tasks.o
 .text.vTaskDelay
                0x0800c6b4       0x6c ./Middlewares/Third_Party/FreeRTOS/Source/tasks.o
                0x0800c6b4                vTaskDelay
 .text.vTaskStartScheduler
                0x0800c720       0xd0 ./Middlewares/Third_Party/FreeRTOS/Source/tasks.o
                0x0800c720                vTaskStartScheduler
 .text.vTaskSuspendAll
                0x0800c7f0       0x1c ./Middlewares/Third_Party/FreeRTOS/Source/tasks.o
                0x0800c7f0                vTaskSuspendAll
 .text.xTaskResumeAll
                0x0800c80c      0x13c ./Middlewares/Third_Party/FreeRTOS/Source/tasks.o
                0x0800c80c                xTaskResumeAll
 .text.xTaskGetTickCount
                0x0800c948       0x20 ./Middlewares/Third_Party/FreeRTOS/Source/tasks.o
                0x0800c948                xTaskGetTickCount
 .text.xTaskIncrementTick
                0x0800c968      0x174 ./Middlewares/Third_Party/FreeRTOS/Source/tasks.o
                0x0800c968                xTaskIncrementTick
 .text.vTaskSwitchContext
                0x0800cadc       0xbc ./Middlewares/Third_Party/FreeRTOS/Source/tasks.o
                0x0800cadc                vTaskSwitchContext
 .text.vTaskPlaceOnEventList
                0x0800cb98       0x4c ./Middlewares/Third_Party/FreeRTOS/Source/tasks.o
                0x0800cb98                vTaskPlaceOnEventList
 .text.vTaskPlaceOnEventListRestricted
                0x0800cbe4       0x58 ./Middlewares/Third_Party/FreeRTOS/Source/tasks.o
                0x0800cbe4                vTaskPlaceOnEventListRestricted
 .text.xTaskRemoveFromEventList
                0x0800cc3c       0xc8 ./Middlewares/Third_Party/FreeRTOS/Source/tasks.o
                0x0800cc3c                xTaskRemoveFromEventList
 .text.vTaskInternalSetTimeOutState
                0x0800cd04       0x2c ./Middlewares/Third_Party/FreeRTOS/Source/tasks.o
                0x0800cd04                vTaskInternalSetTimeOutState
 .text.xTaskCheckForTimeOut
                0x0800cd30       0xc8 ./Middlewares/Third_Party/FreeRTOS/Source/tasks.o
                0x0800cd30                xTaskCheckForTimeOut
 .text.vTaskMissedYield
                0x0800cdf8       0x18 ./Middlewares/Third_Party/FreeRTOS/Source/tasks.o
                0x0800cdf8                vTaskMissedYield
 .text.prvIdleTask
                0x0800ce10       0x30 ./Middlewares/Third_Party/FreeRTOS/Source/tasks.o
 .text.prvInitialiseTaskLists
                0x0800ce40       0x80 ./Middlewares/Third_Party/FreeRTOS/Source/tasks.o
 .text.prvCheckTasksWaitingTermination
                0x0800cec0       0x5c ./Middlewares/Third_Party/FreeRTOS/Source/tasks.o
 .text.prvDeleteTCB
                0x0800cf1c       0x60 ./Middlewares/Third_Party/FreeRTOS/Source/tasks.o
 .text.prvResetNextTaskUnblockTime
                0x0800cf7c       0x40 ./Middlewares/Third_Party/FreeRTOS/Source/tasks.o
 .text.xTaskGetSchedulerState
                0x0800cfbc       0x3c ./Middlewares/Third_Party/FreeRTOS/Source/tasks.o
                0x0800cfbc                xTaskGetSchedulerState
 .text.xTaskPriorityDisinherit
                0x0800cff8       0xe0 ./Middlewares/Third_Party/FreeRTOS/Source/tasks.o
                0x0800cff8                xTaskPriorityDisinherit
 .text.prvAddCurrentTaskToDelayedList
                0x0800d0d8       0xa8 ./Middlewares/Third_Party/FreeRTOS/Source/tasks.o
 .text.xTimerCreateTimerTask
                0x0800d180       0x94 ./Middlewares/Third_Party/FreeRTOS/Source/timers.o
                0x0800d180                xTimerCreateTimerTask
 .text.xTimerGenericCommand
                0x0800d214       0x9c ./Middlewares/Third_Party/FreeRTOS/Source/timers.o
                0x0800d214                xTimerGenericCommand
 .text.prvProcessExpiredTimer
                0x0800d2b0       0x9c ./Middlewares/Third_Party/FreeRTOS/Source/timers.o
 .text.prvTimerTask
                0x0800d34c       0x26 ./Middlewares/Third_Party/FreeRTOS/Source/timers.o
 *fill*         0x0800d372        0x2 
 .text.prvProcessTimerOrBlockTask
                0x0800d374       0x9c ./Middlewares/Third_Party/FreeRTOS/Source/timers.o
 .text.prvGetNextExpireTime
                0x0800d410       0x48 ./Middlewares/Third_Party/FreeRTOS/Source/timers.o
 .text.prvSampleTimeNow
                0x0800d458       0x40 ./Middlewares/Third_Party/FreeRTOS/Source/timers.o
 .text.prvInsertTimerInActiveList
                0x0800d498       0x84 ./Middlewares/Third_Party/FreeRTOS/Source/timers.o
 .text.prvProcessReceivedCommands
                0x0800d51c      0x1cc ./Middlewares/Third_Party/FreeRTOS/Source/timers.o
 .text.prvSwitchTimerLists
                0x0800d6e8       0xcc ./Middlewares/Third_Party/FreeRTOS/Source/timers.o
 .text.prvCheckForValidListAndQueue
                0x0800d7b4       0x80 ./Middlewares/Third_Party/FreeRTOS/Source/timers.o
 .text.pxPortInitialiseStack
                0x0800d834       0x68 ./Middlewares/Third_Party/FreeRTOS/Source/portable/GCC/ARM_CM4F/port.o
                0x0800d834                pxPortInitialiseStack
 .text.prvTaskExitError
                0x0800d89c       0x5c ./Middlewares/Third_Party/FreeRTOS/Source/portable/GCC/ARM_CM4F/port.o
 *fill*         0x0800d8f8        0x8 
 .text.SVC_Handler
                0x0800d900       0x28 ./Middlewares/Third_Party/FreeRTOS/Source/portable/GCC/ARM_CM4F/port.o
                0x0800d900                SVC_Handler
 .text.prvPortStartFirstTask
                0x0800d928       0x28 ./Middlewares/Third_Party/FreeRTOS/Source/portable/GCC/ARM_CM4F/port.o
 .text.xPortStartScheduler
                0x0800d950      0x148 ./Middlewares/Third_Party/FreeRTOS/Source/portable/GCC/ARM_CM4F/port.o
                0x0800d950                xPortStartScheduler
 .text.vPortEnterCritical
                0x0800da98       0x64 ./Middlewares/Third_Party/FreeRTOS/Source/portable/GCC/ARM_CM4F/port.o
                0x0800da98                vPortEnterCritical
 .text.vPortExitCritical
                0x0800dafc       0x54 ./Middlewares/Third_Party/FreeRTOS/Source/portable/GCC/ARM_CM4F/port.o
                0x0800dafc                vPortExitCritical
 .text.PendSV_Handler
                0x0800db50       0x68 ./Middlewares/Third_Party/FreeRTOS/Source/portable/GCC/ARM_CM4F/port.o
                0x0800db50                PendSV_Handler
 .text.xPortSysTickHandler
                0x0800dbb8       0x44 ./Middlewares/Third_Party/FreeRTOS/Source/portable/GCC/ARM_CM4F/port.o
                0x0800dbb8                xPortSysTickHandler
 .text.vPortSetupTimerInterrupt
                0x0800dbfc       0x48 ./Middlewares/Third_Party/FreeRTOS/Source/portable/GCC/ARM_CM4F/port.o
                0x0800dbfc                vPortSetupTimerInterrupt
 .text.vPortEnableVFP
                0x0800dc44       0x14 ./Middlewares/Third_Party/FreeRTOS/Source/portable/GCC/ARM_CM4F/port.o
 .text.vPortValidateInterruptPriority
                0x0800dc58       0x84 ./Middlewares/Third_Party/FreeRTOS/Source/portable/GCC/ARM_CM4F/port.o
                0x0800dc58                vPortValidateInterruptPriority
 .text.pvPortMalloc
                0x0800dcdc      0x19c ./Middlewares/Third_Party/FreeRTOS/Source/portable/MemMang/heap_4.o
                0x0800dcdc                pvPortMalloc
 .text.vPortFree
                0x0800de78       0xc8 ./Middlewares/Third_Party/FreeRTOS/Source/portable/MemMang/heap_4.o
                0x0800de78                vPortFree
 .text.prvHeapInit
                0x0800df40       0xc4 ./Middlewares/Third_Party/FreeRTOS/Source/portable/MemMang/heap_4.o
 .text.prvInsertBlockIntoFreeList
                0x0800e004       0xb4 ./Middlewares/Third_Party/FreeRTOS/Source/portable/MemMang/heap_4.o
 .text.MX_USB_HOST_Init
                0x0800e0b8       0x4c ./USB_HOST/App/usb_host.o
                0x0800e0b8                MX_USB_HOST_Init
 .text.USBH_UserProcess
                0x0800e104       0x5c ./USB_HOST/App/usb_host.o
 .text.HAL_HCD_MspInit
                0x0800e160       0xc4 ./USB_HOST/Target/usbh_conf.o
                0x0800e160                HAL_HCD_MspInit
 .text.HAL_HCD_SOF_Callback
                0x0800e224       0x1c ./USB_HOST/Target/usbh_conf.o
                0x0800e224                HAL_HCD_SOF_Callback
 .text.HAL_HCD_Connect_Callback
                0x0800e240       0x1c ./USB_HOST/Target/usbh_conf.o
                0x0800e240                HAL_HCD_Connect_Callback
 .text.HAL_HCD_Disconnect_Callback
                0x0800e25c       0x1c ./USB_HOST/Target/usbh_conf.o
                0x0800e25c                HAL_HCD_Disconnect_Callback
 .text.HAL_HCD_HC_NotifyURBChange_Callback
                0x0800e278       0x24 ./USB_HOST/Target/usbh_conf.o
                0x0800e278                HAL_HCD_HC_NotifyURBChange_Callback
 .text.HAL_HCD_PortEnabled_Callback
                0x0800e29c       0x1c ./USB_HOST/Target/usbh_conf.o
                0x0800e29c                HAL_HCD_PortEnabled_Callback
 .text.HAL_HCD_PortDisabled_Callback
                0x0800e2b8       0x1c ./USB_HOST/Target/usbh_conf.o
                0x0800e2b8                HAL_HCD_PortDisabled_Callback
 .text.USBH_LL_Init
                0x0800e2d4       0x78 ./USB_HOST/Target/usbh_conf.o
                0x0800e2d4                USBH_LL_Init
 .text.USBH_LL_Start
                0x0800e34c       0x36 ./USB_HOST/Target/usbh_conf.o
                0x0800e34c                USBH_LL_Start
 .text.USBH_LL_Stop
                0x0800e382       0x36 ./USB_HOST/Target/usbh_conf.o
                0x0800e382                USBH_LL_Stop
 .text.USBH_LL_GetSpeed
                0x0800e3b8       0x4e ./USB_HOST/Target/usbh_conf.o
                0x0800e3b8                USBH_LL_GetSpeed
 .text.USBH_LL_ResetPort
                0x0800e406       0x36 ./USB_HOST/Target/usbh_conf.o
                0x0800e406                USBH_LL_ResetPort
 .text.USBH_LL_GetLastXferSize
                0x0800e43c       0x26 ./USB_HOST/Target/usbh_conf.o
                0x0800e43c                USBH_LL_GetLastXferSize
 .text.USBH_LL_OpenPipe
                0x0800e462       0x5e ./USB_HOST/Target/usbh_conf.o
                0x0800e462                USBH_LL_OpenPipe
 .text.USBH_LL_ClosePipe
                0x0800e4c0       0x1a ./USB_HOST/Target/usbh_conf.o
                0x0800e4c0                USBH_LL_ClosePipe
 .text.USBH_LL_SubmitURB
                0x0800e4da       0x62 ./USB_HOST/Target/usbh_conf.o
                0x0800e4da                USBH_LL_SubmitURB
 .text.USBH_LL_GetURBState
                0x0800e53c       0x26 ./USB_HOST/Target/usbh_conf.o
                0x0800e53c                USBH_LL_GetURBState
 .text.USBH_LL_DriverVBUS
                0x0800e562       0x2e ./USB_HOST/Target/usbh_conf.o
                0x0800e562                USBH_LL_DriverVBUS
 .text.USBH_LL_SetToggle
                0x0800e590       0x66 ./USB_HOST/Target/usbh_conf.o
                0x0800e590                USBH_LL_SetToggle
 .text.USBH_Delay
                0x0800e5f6       0x16 ./USB_HOST/Target/usbh_conf.o
                0x0800e5f6                USBH_Delay
 .text.USBH_Get_USB_Status
                0x0800e60c       0x58 ./USB_HOST/Target/usbh_conf.o
                0x0800e60c                USBH_Get_USB_Status
 .text.MX_DriverVbusFS
                0x0800e664       0x38 ./USB_HOST/Target/usbh_platform.o
                0x0800e664                MX_DriverVbusFS
 .text.arm_rfft_fast_init_f32
                0x0800e69c      0x108 C:\Users\ssyjl\Desktop\DSP_PROJECT\stm32\Bluetooth_stm32\Core\libs\libarm_cortexM4lf_math.a(arm_rfft_fast_init_f32.o)
                0x0800e69c                arm_rfft_fast_init_f32
 .text.arm_rfft_fast_f32
                0x0800e7a4      0x188 C:\Users\ssyjl\Desktop\DSP_PROJECT\stm32\Bluetooth_stm32\Core\libs\libarm_cortexM4lf_math.a(arm_rfft_fast_f32.o)
                0x0800e7a4                arm_rfft_fast_f32
 .text.arm_cfft_radix8by2_f32
                0x0800e92c      0x1a4 C:\Users\ssyjl\Desktop\DSP_PROJECT\stm32\Bluetooth_stm32\Core\libs\libarm_cortexM4lf_math.a(arm_cfft_f32.o)
                0x0800e92c                arm_cfft_radix8by2_f32
 .text.arm_cfft_radix8by4_f32
                0x0800ead0      0x4bc C:\Users\ssyjl\Desktop\DSP_PROJECT\stm32\Bluetooth_stm32\Core\libs\libarm_cortexM4lf_math.a(arm_cfft_f32.o)
                0x0800ead0                arm_cfft_radix8by4_f32
 .text.arm_cfft_f32
                0x0800ef8c       0xf4 C:\Users\ssyjl\Desktop\DSP_PROJECT\stm32\Bluetooth_stm32\Core\libs\libarm_cortexM4lf_math.a(arm_cfft_f32.o)
                0x0800ef8c                arm_cfft_f32
 .text.arm_cmplx_mag_f32
                0x0800f080      0x1d0 C:\Users\ssyjl\Desktop\DSP_PROJECT\stm32\Bluetooth_stm32\Core\libs\libarm_cortexM4lf_math.a(arm_cmplx_mag_f32.o)
                0x0800f080                arm_cmplx_mag_f32
 .text.arm_radix8_butterfly_f32
                0x0800f250      0x5c4 C:\Users\ssyjl\Desktop\DSP_PROJECT\stm32\Bluetooth_stm32\Core\libs\libarm_cortexM4lf_math.a(arm_cfft_radix8_f32.o)
                0x0800f250                arm_radix8_butterfly_f32
 .text.atoi     0x0800f814        0x8 D:/STM32/STM32CubeIDE_1.19.0/STM32CubeIDE/plugins/com.st.stm32cube.ide.mcu.externaltools.gnu-tools-for-stm32.13.3.rel1.win32_1.0.0.202411081344/tools/bin/../lib/gcc/arm-none-eabi/13.3.1/../../../../arm-none-eabi/lib/thumb/v7e-m+fp/hard\libc_nano.a(libc_a-atoi.o)
                0x0800f814                atoi
 .text.malloc   0x0800f81c       0x10 D:/STM32/STM32CubeIDE_1.19.0/STM32CubeIDE/plugins/com.st.stm32cube.ide.mcu.externaltools.gnu-tools-for-stm32.13.3.rel1.win32_1.0.0.202411081344/tools/bin/../lib/gcc/arm-none-eabi/13.3.1/../../../../arm-none-eabi/lib/thumb/v7e-m+fp/hard\libc_nano.a(libc_a-malloc.o)
                0x0800f81c                malloc
 .text.free     0x0800f82c       0x10 D:/STM32/STM32CubeIDE_1.19.0/STM32CubeIDE/plugins/com.st.stm32cube.ide.mcu.externaltools.gnu-tools-for-stm32.13.3.rel1.win32_1.0.0.202411081344/tools/bin/../lib/gcc/arm-none-eabi/13.3.1/../../../../arm-none-eabi/lib/thumb/v7e-m+fp/hard\libc_nano.a(libc_a-malloc.o)
                0x0800f82c                free
 .text.sbrk_aligned
                0x0800f83c       0x44 D:/STM32/STM32CubeIDE_1.19.0/STM32CubeIDE/plugins/com.st.stm32cube.ide.mcu.externaltools.gnu-tools-for-stm32.13.3.rel1.win32_1.0.0.202411081344/tools/bin/../lib/gcc/arm-none-eabi/13.3.1/../../../../arm-none-eabi/lib/thumb/v7e-m+fp/hard\libc_nano.a(libc_a-mallocr.o)
 .text._malloc_r
                0x0800f880      0x100 D:/STM32/STM32CubeIDE_1.19.0/STM32CubeIDE/plugins/com.st.stm32cube.ide.mcu.externaltools.gnu-tools-for-stm32.13.3.rel1.win32_1.0.0.202411081344/tools/bin/../lib/gcc/arm-none-eabi/13.3.1/../../../../arm-none-eabi/lib/thumb/v7e-m+fp/hard\libc_nano.a(libc_a-mallocr.o)
                0x0800f880                _malloc_r
 .text.__malloc_lock
                0x0800f980        0xc D:/STM32/STM32CubeIDE_1.19.0/STM32CubeIDE/plugins/com.st.stm32cube.ide.mcu.externaltools.gnu-tools-for-stm32.13.3.rel1.win32_1.0.0.202411081344/tools/bin/../lib/gcc/arm-none-eabi/13.3.1/../../../../arm-none-eabi/lib/thumb/v7e-m+fp/hard\libc_nano.a(libc_a-mlock.o)
                0x0800f980                __malloc_lock
 .text.__malloc_unlock
                0x0800f98c        0xc D:/STM32/STM32CubeIDE_1.19.0/STM32CubeIDE/plugins/com.st.stm32cube.ide.mcu.externaltools.gnu-tools-for-stm32.13.3.rel1.win32_1.0.0.202411081344/tools/bin/../lib/gcc/arm-none-eabi/13.3.1/../../../../arm-none-eabi/lib/thumb/v7e-m+fp/hard\libc_nano.a(libc_a-mlock.o)
                0x0800f98c                __malloc_unlock
 .text._strtol_l.isra.0
                0x0800f998       0xf4 D:/STM32/STM32CubeIDE_1.19.0/STM32CubeIDE/plugins/com.st.stm32cube.ide.mcu.externaltools.gnu-tools-for-stm32.13.3.rel1.win32_1.0.0.202411081344/tools/bin/../lib/gcc/arm-none-eabi/13.3.1/../../../../arm-none-eabi/lib/thumb/v7e-m+fp/hard\libc_nano.a(libc_a-strtol.o)
 .text.strtol   0x0800fa8c       0x14 D:/STM32/STM32CubeIDE_1.19.0/STM32CubeIDE/plugins/com.st.stm32cube.ide.mcu.externaltools.gnu-tools-for-stm32.13.3.rel1.win32_1.0.0.202411081344/tools/bin/../lib/gcc/arm-none-eabi/13.3.1/../../../../arm-none-eabi/lib/thumb/v7e-m+fp/hard\libc_nano.a(libc_a-strtol.o)
                0x0800fa8c                strtol
 .text.memset   0x0800faa0       0x10 D:/STM32/STM32CubeIDE_1.19.0/STM32CubeIDE/plugins/com.st.stm32cube.ide.mcu.externaltools.gnu-tools-for-stm32.13.3.rel1.win32_1.0.0.202411081344/tools/bin/../lib/gcc/arm-none-eabi/13.3.1/../../../../arm-none-eabi/lib/thumb/v7e-m+fp/hard\libc_nano.a(libc_a-memset.o)
                0x0800faa0                memset
 .text.strchr   0x0800fab0       0x1a D:/STM32/STM32CubeIDE_1.19.0/STM32CubeIDE/plugins/com.st.stm32cube.ide.mcu.externaltools.gnu-tools-for-stm32.13.3.rel1.win32_1.0.0.202411081344/tools/bin/../lib/gcc/arm-none-eabi/13.3.1/../../../../arm-none-eabi/lib/thumb/v7e-m+fp/hard\libc_nano.a(libc_a-strchr.o)
                0x0800fab0                strchr
 .text.strncmp  0x0800faca       0x24 D:/STM32/STM32CubeIDE_1.19.0/STM32CubeIDE/plugins/com.st.stm32cube.ide.mcu.externaltools.gnu-tools-for-stm32.13.3.rel1.win32_1.0.0.202411081344/tools/bin/../lib/gcc/arm-none-eabi/13.3.1/../../../../arm-none-eabi/lib/thumb/v7e-m+fp/hard\libc_nano.a(libc_a-strncmp.o)
                0x0800faca                strncmp
 *fill*         0x0800faee        0x2 
 .text._sbrk_r  0x0800faf0       0x20 D:/STM32/STM32CubeIDE_1.19.0/STM32CubeIDE/plugins/com.st.stm32cube.ide.mcu.externaltools.gnu-tools-for-stm32.13.3.rel1.win32_1.0.0.202411081344/tools/bin/../lib/gcc/arm-none-eabi/13.3.1/../../../../arm-none-eabi/lib/thumb/v7e-m+fp/hard\libc_nano.a(libc_a-sbrkr.o)
                0x0800faf0                _sbrk_r
 .text.__errno  0x0800fb10        0xc D:/STM32/STM32CubeIDE_1.19.0/STM32CubeIDE/plugins/com.st.stm32cube.ide.mcu.externaltools.gnu-tools-for-stm32.13.3.rel1.win32_1.0.0.202411081344/tools/bin/../lib/gcc/arm-none-eabi/13.3.1/../../../../arm-none-eabi/lib/thumb/v7e-m+fp/hard\libc_nano.a(libc_a-errno.o)
                0x0800fb10                __errno
 .text.__libc_init_array
                0x0800fb1c       0x48 D:/STM32/STM32CubeIDE_1.19.0/STM32CubeIDE/plugins/com.st.stm32cube.ide.mcu.externaltools.gnu-tools-for-stm32.13.3.rel1.win32_1.0.0.202411081344/tools/bin/../lib/gcc/arm-none-eabi/13.3.1/../../../../arm-none-eabi/lib/thumb/v7e-m+fp/hard\libc_nano.a(libc_a-init.o)
                0x0800fb1c                __libc_init_array
 .text.__retarget_lock_acquire_recursive
                0x0800fb64        0x2 D:/STM32/STM32CubeIDE_1.19.0/STM32CubeIDE/plugins/com.st.stm32cube.ide.mcu.externaltools.gnu-tools-for-stm32.13.3.rel1.win32_1.0.0.202411081344/tools/bin/../lib/gcc/arm-none-eabi/13.3.1/../../../../arm-none-eabi/lib/thumb/v7e-m+fp/hard\libc_nano.a(libc_a-lock.o)
                0x0800fb64                __retarget_lock_acquire_recursive
 .text.__retarget_lock_release_recursive
                0x0800fb66        0x2 D:/STM32/STM32CubeIDE_1.19.0/STM32CubeIDE/plugins/com.st.stm32cube.ide.mcu.externaltools.gnu-tools-for-stm32.13.3.rel1.win32_1.0.0.202411081344/tools/bin/../lib/gcc/arm-none-eabi/13.3.1/../../../../arm-none-eabi/lib/thumb/v7e-m+fp/hard\libc_nano.a(libc_a-lock.o)
                0x0800fb66                __retarget_lock_release_recursive
 .text.memcpy   0x0800fb68       0x1c D:/STM32/STM32CubeIDE_1.19.0/STM32CubeIDE/plugins/com.st.stm32cube.ide.mcu.externaltools.gnu-tools-for-stm32.13.3.rel1.win32_1.0.0.202411081344/tools/bin/../lib/gcc/arm-none-eabi/13.3.1/../../../../arm-none-eabi/lib/thumb/v7e-m+fp/hard\libc_nano.a(libc_a-memcpy-stub.o)
                0x0800fb68                memcpy
 .text._free_r  0x0800fb84       0x94 D:/STM32/STM32CubeIDE_1.19.0/STM32CubeIDE/plugins/com.st.stm32cube.ide.mcu.externaltools.gnu-tools-for-stm32.13.3.rel1.win32_1.0.0.202411081344/tools/bin/../lib/gcc/arm-none-eabi/13.3.1/../../../../arm-none-eabi/lib/thumb/v7e-m+fp/hard\libc_nano.a(libc_a-freer.o)
                0x0800fb84                _free_r
 .text.powf     0x0800fc18       0xae D:/STM32/STM32CubeIDE_1.19.0/STM32CubeIDE/plugins/com.st.stm32cube.ide.mcu.externaltools.gnu-tools-for-stm32.13.3.rel1.win32_1.0.0.202411081344/tools/bin/../lib/gcc/arm-none-eabi/13.3.1/../../../../arm-none-eabi/lib/thumb/v7e-m+fp/hard\libm.a(libm_a-wf_pow.o)
                0x0800fc18                powf
 *fill*         0x0800fcc6        0x2 
 .text.sqrtf    0x0800fcc8       0x3c D:/STM32/STM32CubeIDE_1.19.0/STM32CubeIDE/plugins/com.st.stm32cube.ide.mcu.externaltools.gnu-tools-for-stm32.13.3.rel1.win32_1.0.0.202411081344/tools/bin/../lib/gcc/arm-none-eabi/13.3.1/../../../../arm-none-eabi/lib/thumb/v7e-m+fp/hard\libm.a(libm_a-wf_sqrt.o)
                0x0800fcc8                sqrtf
 .text.cosf     0x0800fd04       0x88 D:/STM32/STM32CubeIDE_1.19.0/STM32CubeIDE/plugins/com.st.stm32cube.ide.mcu.externaltools.gnu-tools-for-stm32.13.3.rel1.win32_1.0.0.202411081344/tools/bin/../lib/gcc/arm-none-eabi/13.3.1/../../../../arm-none-eabi/lib/thumb/v7e-m+fp/hard\libm.a(libm_a-sf_cos.o)
                0x0800fd04                cosf
 .text.sinf     0x0800fd8c       0x8c D:/STM32/STM32CubeIDE_1.19.0/STM32CubeIDE/plugins/com.st.stm32cube.ide.mcu.externaltools.gnu-tools-for-stm32.13.3.rel1.win32_1.0.0.202411081344/tools/bin/../lib/gcc/arm-none-eabi/13.3.1/../../../../arm-none-eabi/lib/thumb/v7e-m+fp/hard\libm.a(libm_a-sf_sin.o)
                0x0800fd8c                sinf
 .text.finitef  0x0800fe18       0x14 D:/STM32/STM32CubeIDE_1.19.0/STM32CubeIDE/plugins/com.st.stm32cube.ide.mcu.externaltools.gnu-tools-for-stm32.13.3.rel1.win32_1.0.0.202411081344/tools/bin/../lib/gcc/arm-none-eabi/13.3.1/../../../../arm-none-eabi/lib/thumb/v7e-m+fp/hard\libm.a(libm_a-sf_finite.o)
                0x0800fe18                finitef
 .text.__ieee754_sqrtf
                0x0800fe2c        0x6 D:/STM32/STM32CubeIDE_1.19.0/STM32CubeIDE/plugins/com.st.stm32cube.ide.mcu.externaltools.gnu-tools-for-stm32.13.3.rel1.win32_1.0.0.202411081344/tools/bin/../lib/gcc/arm-none-eabi/13.3.1/../../../../arm-none-eabi/lib/thumb/v7e-m+fp/hard\libm.a(libm_a-ef_sqrt.o)
                0x0800fe2c                __ieee754_sqrtf
 *fill*         0x0800fe32        0x2 
 .text.__kernel_cosf
                0x0800fe34       0xb0 D:/STM32/STM32CubeIDE_1.19.0/STM32CubeIDE/plugins/com.st.stm32cube.ide.mcu.externaltools.gnu-tools-for-stm32.13.3.rel1.win32_1.0.0.202411081344/tools/bin/../lib/gcc/arm-none-eabi/13.3.1/../../../../arm-none-eabi/lib/thumb/v7e-m+fp/hard\libm.a(libm_a-kf_cos.o)
                0x0800fe34                __kernel_cosf
 .text.__kernel_sinf
                0x0800fee4       0x90 D:/STM32/STM32CubeIDE_1.19.0/STM32CubeIDE/plugins/com.st.stm32cube.ide.mcu.externaltools.gnu-tools-for-stm32.13.3.rel1.win32_1.0.0.202411081344/tools/bin/../lib/gcc/arm-none-eabi/13.3.1/../../../../arm-none-eabi/lib/thumb/v7e-m+fp/hard\libm.a(libm_a-kf_sin.o)
                0x0800fee4                __kernel_sinf
 .text.__ieee754_powf
                0x0800ff74      0x59c D:/STM32/STM32CubeIDE_1.19.0/STM32CubeIDE/plugins/com.st.stm32cube.ide.mcu.externaltools.gnu-tools-for-stm32.13.3.rel1.win32_1.0.0.202411081344/tools/bin/../lib/gcc/arm-none-eabi/13.3.1/../../../../arm-none-eabi/lib/thumb/v7e-m+fp/hard\libm.a(libm_a-ef_pow.o)
                0x0800ff74                __ieee754_powf
 .text.__ieee754_rem_pio2f
                0x08010510      0x260 D:/STM32/STM32CubeIDE_1.19.0/STM32CubeIDE/plugins/com.st.stm32cube.ide.mcu.externaltools.gnu-tools-for-stm32.13.3.rel1.win32_1.0.0.202411081344/tools/bin/../lib/gcc/arm-none-eabi/13.3.1/../../../../arm-none-eabi/lib/thumb/v7e-m+fp/hard\libm.a(libm_a-ef_rem_pio2.o)
                0x08010510                __ieee754_rem_pio2f
 .text.fabsf    0x08010770        0xe D:/STM32/STM32CubeIDE_1.19.0/STM32CubeIDE/plugins/com.st.stm32cube.ide.mcu.externaltools.gnu-tools-for-stm32.13.3.rel1.win32_1.0.0.202411081344/tools/bin/../lib/gcc/arm-none-eabi/13.3.1/../../../../arm-none-eabi/lib/thumb/v7e-m+fp/hard\libm.a(libm_a-sf_fabs.o)
                0x08010770                fabsf
 *fill*         0x0801077e        0x2 
 .text.scalbnf  0x08010780       0xcc D:/STM32/STM32CubeIDE_1.19.0/STM32CubeIDE/plugins/com.st.stm32cube.ide.mcu.externaltools.gnu-tools-for-stm32.13.3.rel1.win32_1.0.0.202411081344/tools/bin/../lib/gcc/arm-none-eabi/13.3.1/../../../../arm-none-eabi/lib/thumb/v7e-m+fp/hard\libm.a(libm_a-sf_scalbn.o)
                0x08010780                scalbnf
 .text.with_errnof
                0x0801084c       0x1c D:/STM32/STM32CubeIDE_1.19.0/STM32CubeIDE/plugins/com.st.stm32cube.ide.mcu.externaltools.gnu-tools-for-stm32.13.3.rel1.win32_1.0.0.202411081344/tools/bin/../lib/gcc/arm-none-eabi/13.3.1/../../../../arm-none-eabi/lib/thumb/v7e-m+fp/hard\libm.a(libm_a-math_errf.o)
 .text.xflowf   0x08010868       0x16 D:/STM32/STM32CubeIDE_1.19.0/STM32CubeIDE/plugins/com.st.stm32cube.ide.mcu.externaltools.gnu-tools-for-stm32.13.3.rel1.win32_1.0.0.202411081344/tools/bin/../lib/gcc/arm-none-eabi/13.3.1/../../../../arm-none-eabi/lib/thumb/v7e-m+fp/hard\libm.a(libm_a-math_errf.o)
 *fill*         0x0801087e        0x2 
 .text.__math_uflowf
                0x08010880        0xc D:/STM32/STM32CubeIDE_1.19.0/STM32CubeIDE/plugins/com.st.stm32cube.ide.mcu.externaltools.gnu-tools-for-stm32.13.3.rel1.win32_1.0.0.202411081344/tools/bin/../lib/gcc/arm-none-eabi/13.3.1/../../../../arm-none-eabi/lib/thumb/v7e-m+fp/hard\libm.a(libm_a-math_errf.o)
                0x08010880                __math_uflowf
 .text.__math_oflowf
                0x0801088c        0xc D:/STM32/STM32CubeIDE_1.19.0/STM32CubeIDE/plugins/com.st.stm32cube.ide.mcu.externaltools.gnu-tools-for-stm32.13.3.rel1.win32_1.0.0.202411081344/tools/bin/../lib/gcc/arm-none-eabi/13.3.1/../../../../arm-none-eabi/lib/thumb/v7e-m+fp/hard\libm.a(libm_a-math_errf.o)
                0x0801088c                __math_oflowf
 .text.__kernel_rem_pio2f
                0x08010898      0x4d0 D:/STM32/STM32CubeIDE_1.19.0/STM32CubeIDE/plugins/com.st.stm32cube.ide.mcu.externaltools.gnu-tools-for-stm32.13.3.rel1.win32_1.0.0.202411081344/tools/bin/../lib/gcc/arm-none-eabi/13.3.1/../../../../arm-none-eabi/lib/thumb/v7e-m+fp/hard\libm.a(libm_a-kf_rem_pio2.o)
                0x08010898                __kernel_rem_pio2f
 .text.floorf   0x08010d68       0x88 D:/STM32/STM32CubeIDE_1.19.0/STM32CubeIDE/plugins/com.st.stm32cube.ide.mcu.externaltools.gnu-tools-for-stm32.13.3.rel1.win32_1.0.0.202411081344/tools/bin/../lib/gcc/arm-none-eabi/13.3.1/../../../../arm-none-eabi/lib/thumb/v7e-m+fp/hard\libm.a(libm_a-sf_floor.o)
                0x08010d68                floorf
 *(.glue_7)
 .glue_7        0x08010df0        0x0 linker stubs
 *(.glue_7t)
 .glue_7t       0x08010df0        0x0 linker stubs
 *(.eh_frame)
 .eh_frame      0x08010df0        0x0 D:/STM32/STM32CubeIDE_1.19.0/STM32CubeIDE/plugins/com.st.stm32cube.ide.mcu.externaltools.gnu-tools-for-stm32.13.3.rel1.win32_1.0.0.202411081344/tools/bin/../lib/gcc/arm-none-eabi/13.3.1/thumb/v7e-m+fp/hard/crtbegin.o
 *(.init)
 .init          0x08010df0        0x4 D:/STM32/STM32CubeIDE_1.19.0/STM32CubeIDE/plugins/com.st.stm32cube.ide.mcu.externaltools.gnu-tools-for-stm32.13.3.rel1.win32_1.0.0.202411081344/tools/bin/../lib/gcc/arm-none-eabi/13.3.1/thumb/v7e-m+fp/hard/crti.o
                0x08010df0                _init
 .init          0x08010df4        0x8 D:/STM32/STM32CubeIDE_1.19.0/STM32CubeIDE/plugins/com.st.stm32cube.ide.mcu.externaltools.gnu-tools-for-stm32.13.3.rel1.win32_1.0.0.202411081344/tools/bin/../lib/gcc/arm-none-eabi/13.3.1/thumb/v7e-m+fp/hard/crtn.o
 *(.fini)
 .fini          0x08010dfc        0x4 D:/STM32/STM32CubeIDE_1.19.0/STM32CubeIDE/plugins/com.st.stm32cube.ide.mcu.externaltools.gnu-tools-for-stm32.13.3.rel1.win32_1.0.0.202411081344/tools/bin/../lib/gcc/arm-none-eabi/13.3.1/thumb/v7e-m+fp/hard/crti.o
                0x08010dfc                _fini
 .fini          0x08010e00        0x8 D:/STM32/STM32CubeIDE_1.19.0/STM32CubeIDE/plugins/com.st.stm32cube.ide.mcu.externaltools.gnu-tools-for-stm32.13.3.rel1.win32_1.0.0.202411081344/tools/bin/../lib/gcc/arm-none-eabi/13.3.1/thumb/v7e-m+fp/hard/crtn.o
                0x08010e08                        . = ALIGN (0x4)
                0x08010e08                        _etext = .

.vfp11_veneer   0x08010e08        0x0
 .vfp11_veneer  0x08010e08        0x0 linker stubs

.v4_bx          0x08010e08        0x0
 .v4_bx         0x08010e08        0x0 linker stubs

.iplt           0x08010e08        0x0
 .iplt          0x08010e08        0x0 D:/STM32/STM32CubeIDE_1.19.0/STM32CubeIDE/plugins/com.st.stm32cube.ide.mcu.externaltools.gnu-tools-for-stm32.13.3.rel1.win32_1.0.0.202411081344/tools/bin/../lib/gcc/arm-none-eabi/13.3.1/thumb/v7e-m+fp/hard/crtbegin.o

.rodata         0x08010e08    0x13ac4
                0x08010e08                        . = ALIGN (0x4)
 *(.rodata)
 .rodata        0x08010e08       0x6c ./Core/Src/freertos.o
 .rodata        0x08010e74        0x4 ./Middlewares/ST/STM32_USB_Host_Library/Class/CDC/Src/usbh_cdc.o
 .rodata        0x08010e78        0xb ./Middlewares/ST/STM32_USB_Host_Library/Core/Src/usbh_core.o
 *fill*         0x08010e83        0x1 
 .rodata        0x08010e84        0x5 ./Middlewares/Third_Party/FreeRTOS/Source/tasks.o
 *fill*         0x08010e89        0x3 
 .rodata        0x08010e8c        0xd ./Middlewares/Third_Party/FreeRTOS/Source/timers.o
 *(.rodata*)
 *fill*         0x08010e99        0x3 
 .rodata.defaultTask_attributes
                0x08010e9c       0x24 ./Core/Src/freertos.o
                0x08010e9c                defaultTask_attributes
 .rodata.band_freqs.2
                0x08010ec0       0x20 ./Core/Src/freertos.o
 .rodata.band_Q.1
                0x08010ee0        0x4 ./Core/Src/freertos.o
 .rodata.bin_map.0
                0x08010ee4       0x82 ./Core/Src/freertos.o
 *fill*         0x08010f66        0x2 
 .rodata.AHBPrescTable
                0x08010f68       0x10 ./Core/Src/system_stm32f4xx.o
                0x08010f68                AHBPrescTable
 .rodata.APBPrescTable
                0x08010f78        0x8 ./Core/Src/system_stm32f4xx.o
                0x08010f78                APBPrescTable
 .rodata.flagBitshiftOffset.0
                0x08010f80        0x8 ./Drivers/STM32F4xx_HAL_Driver/Src/stm32f4xx_hal_dma.o
 .rodata.twiddleCoef_2048
                0x08010f88     0x4000 C:\Users\ssyjl\Desktop\DSP_PROJECT\stm32\Bluetooth_stm32\Core\libs\libarm_cortexM4lf_math.a(arm_common_tables.o)
                0x08010f88                twiddleCoef_2048
 .rodata.twiddleCoef_rfft_64
                0x08014f88      0x100 C:\Users\ssyjl\Desktop\DSP_PROJECT\stm32\Bluetooth_stm32\Core\libs\libarm_cortexM4lf_math.a(arm_common_tables.o)
                0x08014f88                twiddleCoef_rfft_64
 .rodata.armBitRevIndexTable64
                0x08015088       0x70 C:\Users\ssyjl\Desktop\DSP_PROJECT\stm32\Bluetooth_stm32\Core\libs\libarm_cortexM4lf_math.a(arm_common_tables.o)
                0x08015088                armBitRevIndexTable64
 .rodata.twiddleCoef_rfft_2048
                0x080150f8     0x2000 C:\Users\ssyjl\Desktop\DSP_PROJECT\stm32\Bluetooth_stm32\Core\libs\libarm_cortexM4lf_math.a(arm_common_tables.o)
                0x080150f8                twiddleCoef_rfft_2048
 .rodata.twiddleCoef_rfft_4096
                0x080170f8     0x4000 C:\Users\ssyjl\Desktop\DSP_PROJECT\stm32\Bluetooth_stm32\Core\libs\libarm_cortexM4lf_math.a(arm_common_tables.o)
                0x080170f8                twiddleCoef_rfft_4096
 .rodata.twiddleCoef_256
                0x0801b0f8      0x800 C:\Users\ssyjl\Desktop\DSP_PROJECT\stm32\Bluetooth_stm32\Core\libs\libarm_cortexM4lf_math.a(arm_common_tables.o)
                0x0801b0f8                twiddleCoef_256
 .rodata.twiddleCoef_16
                0x0801b8f8       0x80 C:\Users\ssyjl\Desktop\DSP_PROJECT\stm32\Bluetooth_stm32\Core\libs\libarm_cortexM4lf_math.a(arm_common_tables.o)
                0x0801b8f8                twiddleCoef_16
 .rodata.twiddleCoef_1024
                0x0801b978     0x2000 C:\Users\ssyjl\Desktop\DSP_PROJECT\stm32\Bluetooth_stm32\Core\libs\libarm_cortexM4lf_math.a(arm_common_tables.o)
                0x0801b978                twiddleCoef_1024
 .rodata.twiddleCoef_32
                0x0801d978      0x100 C:\Users\ssyjl\Desktop\DSP_PROJECT\stm32\Bluetooth_stm32\Core\libs\libarm_cortexM4lf_math.a(arm_common_tables.o)
                0x0801d978                twiddleCoef_32
 .rodata.armBitRevIndexTable1024
                0x0801da78      0xe10 C:\Users\ssyjl\Desktop\DSP_PROJECT\stm32\Bluetooth_stm32\Core\libs\libarm_cortexM4lf_math.a(arm_common_tables.o)
                0x0801da78                armBitRevIndexTable1024
 .rodata.armBitRevIndexTable16
                0x0801e888       0x28 C:\Users\ssyjl\Desktop\DSP_PROJECT\stm32\Bluetooth_stm32\Core\libs\libarm_cortexM4lf_math.a(arm_common_tables.o)
                0x0801e888                armBitRevIndexTable16
 .rodata.twiddleCoef_rfft_32
                0x0801e8b0       0x80 C:\Users\ssyjl\Desktop\DSP_PROJECT\stm32\Bluetooth_stm32\Core\libs\libarm_cortexM4lf_math.a(arm_common_tables.o)
                0x0801e8b0                twiddleCoef_rfft_32
 .rodata.armBitRevIndexTable32
                0x0801e930       0x60 C:\Users\ssyjl\Desktop\DSP_PROJECT\stm32\Bluetooth_stm32\Core\libs\libarm_cortexM4lf_math.a(arm_common_tables.o)
                0x0801e930                armBitRevIndexTable32
 .rodata.twiddleCoef_128
                0x0801e990      0x400 C:\Users\ssyjl\Desktop\DSP_PROJECT\stm32\Bluetooth_stm32\Core\libs\libarm_cortexM4lf_math.a(arm_common_tables.o)
                0x0801e990                twiddleCoef_128
 .rodata.twiddleCoef_512
                0x0801ed90     0x1000 C:\Users\ssyjl\Desktop\DSP_PROJECT\stm32\Bluetooth_stm32\Core\libs\libarm_cortexM4lf_math.a(arm_common_tables.o)
                0x0801ed90                twiddleCoef_512
 .rodata.armBitRevIndexTable2048
                0x0801fd90     0x1dc0 C:\Users\ssyjl\Desktop\DSP_PROJECT\stm32\Bluetooth_stm32\Core\libs\libarm_cortexM4lf_math.a(arm_common_tables.o)
                0x0801fd90                armBitRevIndexTable2048
 .rodata.twiddleCoef_64
                0x08021b50      0x200 C:\Users\ssyjl\Desktop\DSP_PROJECT\stm32\Bluetooth_stm32\Core\libs\libarm_cortexM4lf_math.a(arm_common_tables.o)
                0x08021b50                twiddleCoef_64
 .rodata.twiddleCoef_rfft_512
                0x08021d50      0x800 C:\Users\ssyjl\Desktop\DSP_PROJECT\stm32\Bluetooth_stm32\Core\libs\libarm_cortexM4lf_math.a(arm_common_tables.o)
                0x08021d50                twiddleCoef_rfft_512
 .rodata.armBitRevIndexTable512
                0x08022550      0x380 C:\Users\ssyjl\Desktop\DSP_PROJECT\stm32\Bluetooth_stm32\Core\libs\libarm_cortexM4lf_math.a(arm_common_tables.o)
                0x08022550                armBitRevIndexTable512
 .rodata.twiddleCoef_rfft_1024
                0x080228d0     0x1000 C:\Users\ssyjl\Desktop\DSP_PROJECT\stm32\Bluetooth_stm32\Core\libs\libarm_cortexM4lf_math.a(arm_common_tables.o)
                0x080228d0                twiddleCoef_rfft_1024
 .rodata.twiddleCoef_rfft_256
                0x080238d0      0x400 C:\Users\ssyjl\Desktop\DSP_PROJECT\stm32\Bluetooth_stm32\Core\libs\libarm_cortexM4lf_math.a(arm_common_tables.o)
                0x080238d0                twiddleCoef_rfft_256
 .rodata.armBitRevIndexTable256
                0x08023cd0      0x370 C:\Users\ssyjl\Desktop\DSP_PROJECT\stm32\Bluetooth_stm32\Core\libs\libarm_cortexM4lf_math.a(arm_common_tables.o)
                0x08023cd0                armBitRevIndexTable256
 .rodata.twiddleCoef_rfft_128
                0x08024040      0x200 C:\Users\ssyjl\Desktop\DSP_PROJECT\stm32\Bluetooth_stm32\Core\libs\libarm_cortexM4lf_math.a(arm_common_tables.o)
                0x08024040                twiddleCoef_rfft_128
 .rodata.armBitRevIndexTable128
                0x08024240      0x1a0 C:\Users\ssyjl\Desktop\DSP_PROJECT\stm32\Bluetooth_stm32\Core\libs\libarm_cortexM4lf_math.a(arm_common_tables.o)
                0x08024240                armBitRevIndexTable128
 .rodata._ctype_
                0x080243e0      0x101 D:/STM32/STM32CubeIDE_1.19.0/STM32CubeIDE/plugins/com.st.stm32cube.ide.mcu.externaltools.gnu-tools-for-stm32.13.3.rel1.win32_1.0.0.202411081344/tools/bin/../lib/gcc/arm-none-eabi/13.3.1/../../../../arm-none-eabi/lib/thumb/v7e-m+fp/hard\libc_nano.a(libc_a-ctype_.o)
                0x080243e0                _ctype_
 *fill*         0x080244e1        0x3 
 .rodata.dp_l   0x080244e4        0x8 D:/STM32/STM32CubeIDE_1.19.0/STM32CubeIDE/plugins/com.st.stm32cube.ide.mcu.externaltools.gnu-tools-for-stm32.13.3.rel1.win32_1.0.0.202411081344/tools/bin/../lib/gcc/arm-none-eabi/13.3.1/../../../../arm-none-eabi/lib/thumb/v7e-m+fp/hard\libm.a(libm_a-ef_pow.o)
 .rodata.dp_h   0x080244ec        0x8 D:/STM32/STM32CubeIDE_1.19.0/STM32CubeIDE/plugins/com.st.stm32cube.ide.mcu.externaltools.gnu-tools-for-stm32.13.3.rel1.win32_1.0.0.202411081344/tools/bin/../lib/gcc/arm-none-eabi/13.3.1/../../../../arm-none-eabi/lib/thumb/v7e-m+fp/hard\libm.a(libm_a-ef_pow.o)
 .rodata.bp     0x080244f4        0x8 D:/STM32/STM32CubeIDE_1.19.0/STM32CubeIDE/plugins/com.st.stm32cube.ide.mcu.externaltools.gnu-tools-for-stm32.13.3.rel1.win32_1.0.0.202411081344/tools/bin/../lib/gcc/arm-none-eabi/13.3.1/../../../../arm-none-eabi/lib/thumb/v7e-m+fp/hard\libm.a(libm_a-ef_pow.o)
 .rodata.npio2_hw
                0x080244fc       0x80 D:/STM32/STM32CubeIDE_1.19.0/STM32CubeIDE/plugins/com.st.stm32cube.ide.mcu.externaltools.gnu-tools-for-stm32.13.3.rel1.win32_1.0.0.202411081344/tools/bin/../lib/gcc/arm-none-eabi/13.3.1/../../../../arm-none-eabi/lib/thumb/v7e-m+fp/hard\libm.a(libm_a-ef_rem_pio2.o)
 .rodata.two_over_pi
                0x0802457c      0x318 D:/STM32/STM32CubeIDE_1.19.0/STM32CubeIDE/plugins/com.st.stm32cube.ide.mcu.externaltools.gnu-tools-for-stm32.13.3.rel1.win32_1.0.0.202411081344/tools/bin/../lib/gcc/arm-none-eabi/13.3.1/../../../../arm-none-eabi/lib/thumb/v7e-m+fp/hard\libm.a(libm_a-ef_rem_pio2.o)
 .rodata.PIo2   0x08024894       0x2c D:/STM32/STM32CubeIDE_1.19.0/STM32CubeIDE/plugins/com.st.stm32cube.ide.mcu.externaltools.gnu-tools-for-stm32.13.3.rel1.win32_1.0.0.202411081344/tools/bin/../lib/gcc/arm-none-eabi/13.3.1/../../../../arm-none-eabi/lib/thumb/v7e-m+fp/hard\libm.a(libm_a-kf_rem_pio2.o)
 .rodata.init_jk
                0x080248c0        0xc D:/STM32/STM32CubeIDE_1.19.0/STM32CubeIDE/plugins/com.st.stm32cube.ide.mcu.externaltools.gnu-tools-for-stm32.13.3.rel1.win32_1.0.0.202411081344/tools/bin/../lib/gcc/arm-none-eabi/13.3.1/../../../../arm-none-eabi/lib/thumb/v7e-m+fp/hard\libm.a(libm_a-kf_rem_pio2.o)
                0x080248cc                        . = ALIGN (0x4)

.ARM.extab      0x080248cc        0x0
                0x080248cc                        . = ALIGN (0x4)
 *(.ARM.extab* .gnu.linkonce.armextab.*)
                0x080248cc                        . = ALIGN (0x4)

.ARM            0x080248cc        0x8
                0x080248cc                        . = ALIGN (0x4)
                0x080248cc                        __exidx_start = .
 *(.ARM.exidx*)
 .ARM.exidx     0x080248cc        0x8 D:/STM32/STM32CubeIDE_1.19.0/STM32CubeIDE/plugins/com.st.stm32cube.ide.mcu.externaltools.gnu-tools-for-stm32.13.3.rel1.win32_1.0.0.202411081344/tools/bin/../lib/gcc/arm-none-eabi/13.3.1/../../../../arm-none-eabi/lib/thumb/v7e-m+fp/hard\libc_nano.a(libc_a-strcmp.o)
 .ARM.exidx     0x080248d4        0x0 D:/STM32/STM32CubeIDE_1.19.0/STM32CubeIDE/plugins/com.st.stm32cube.ide.mcu.externaltools.gnu-tools-for-stm32.13.3.rel1.win32_1.0.0.202411081344/tools/bin/../lib/gcc/arm-none-eabi/13.3.1/../../../../arm-none-eabi/lib/thumb/v7e-m+fp/hard\libc_nano.a(libc_a-strlen.o)
                                  0x8 (size before relaxing)
 .ARM.exidx     0x080248d4        0x0 D:/STM32/STM32CubeIDE_1.19.0/STM32CubeIDE/plugins/com.st.stm32cube.ide.mcu.externaltools.gnu-tools-for-stm32.13.3.rel1.win32_1.0.0.202411081344/tools/bin/../lib/gcc/arm-none-eabi/13.3.1/thumb/v7e-m+fp/hard\libgcc.a(_udivmoddi4.o)
                                  0x8 (size before relaxing)
                0x080248d4                        __exidx_end = .
                0x080248d4                        . = ALIGN (0x4)

.preinit_array  0x080248d4        0x0
                0x080248d4                        . = ALIGN (0x4)
                0x080248d4                        PROVIDE (__preinit_array_start = .)
 *(.preinit_array*)
                0x080248d4                        PROVIDE (__preinit_array_end = .)
                0x080248d4                        . = ALIGN (0x4)

.init_array     0x080248d4        0x4
                0x080248d4                        . = ALIGN (0x4)
                0x080248d4                        PROVIDE (__init_array_start = .)
 *(SORT_BY_NAME(.init_array.*))
 *(.init_array*)
 .init_array    0x080248d4        0x4 D:/STM32/STM32CubeIDE_1.19.0/STM32CubeIDE/plugins/com.st.stm32cube.ide.mcu.externaltools.gnu-tools-for-stm32.13.3.rel1.win32_1.0.0.202411081344/tools/bin/../lib/gcc/arm-none-eabi/13.3.1/thumb/v7e-m+fp/hard/crtbegin.o
                0x080248d8                        PROVIDE (__init_array_end = .)
                0x080248d8                        . = ALIGN (0x4)

.fini_array     0x080248d8        0x4
                0x080248d8                        . = ALIGN (0x4)